Open Watcom Linker Version 1.9
Portions Copyright (c) 1985-2002 Sybase, Inc. All Rights Reserved.
Created on:       14/05/11 21:49:53
Executable Image: dos386f/test.exe
creating a DOS/4G executable


                        +------------+
                        |   Groups   |
                        +------------+

Group                           Address              Size
=====                           =======              ====

DGROUP                          0003:00000000        00010d90



                        +--------------+
                        |   Segments   |
                        +--------------+

Segment                Class          Group          Address         Size
=======                =====          =====          =======         ====

BEGTEXT                CODE           AUTO           0001:00000000   00000010
_TEXT                  CODE           AUTO           0001:00000010   00006757
text                   CODE           AUTO           0002:00000000   00000117
_NULL                  BEGDATA        DGROUP         0003:00000000   00000004
_AFTERNULL             BEGDATA        DGROUP         0003:00000004   00000000
CONST                  DATA           DGROUP         0003:00000004   0000079c
CONST2                 DATA           DGROUP         0003:000007a0   00000000
_DATA                  DATA           DGROUP         0003:000007a0   00000484
XIB                    DATA           DGROUP         0003:00000c24   00000000
XI                     DATA           DGROUP         0003:00000c24   00000012
XIE                    DATA           DGROUP         0003:00000c36   00000000
YIB                    DATA           DGROUP         0003:00000c36   00000000
YI                     DATA           DGROUP         0003:00000c36   0000000c
YIE                    DATA           DGROUP         0003:00000c42   00000000
TIB                    DATA           DGROUP         0003:00000c42   00000000
TI                     DATA           DGROUP         0003:00000c42   00000000
TIE                    DATA           DGROUP         0003:00000c42   00000000
DATA                   DATA           DGROUP         0003:00000c42   00000000
_BSS                   BSS            DGROUP         0003:00000c44   0000014a
STACK                  STACK          DGROUP         0003:00000d90   00010000


                        +----------------+
                        |   Memory Map   |
                        +----------------+

* = unreferenced symbol
+ = symbol only referenced locally

Address        Symbol
=======        ======

Module: dos386f/test.obj(/usr/src/doslib/hw/dos/test.c)
0001:00000010  main_
Module: ../../hw/dos/dos386f/dos.lib(/usr/src/doslib/hw/dos/dos.c)
0003:000007a0* _megaem_info
0003:000007a6+ _lib_dos_option
0003:000007a8+ _dos_LOL
0003:000007ac  _dos_flavor
0003:000007ae  _dos_version
0003:000007b0  _freedos_kernel_version
0003:000007b4  _dos_version_method
0003:000007b8  _windows_version_method
0003:000007bc  _dpmi_no_0301h
0003:000007bd+ _ntvdm_dosntast_tried
0003:000007be  _ntvdm_dosntast_handle
0003:000007c0  _freedos_kernel_version_str
0003:000007c4  _windows_emulation_comment_str
0003:000007c8  _windows_emulation
0003:000007ca  _windows_version
0003:000007cc  _windows_mode
0003:000007cd+ _windows_init
0003:000007ce+ _vcpi_probed
0003:000007cf+ _vcpi_present
0003:000007d0  _windows_mode_strs
0003:000007e8+ _dpmi_flags
0003:000007ea+ _dpmi_version
0003:000007ec+ _dpmi_init
0003:000007f0+ _dpmi_entry_point
0003:000007f4+ _dpmi_present
0003:000007f5+ _dpmi_processor_type
0003:000007f6+ _dpmi_private_data_length_paragraphs
0003:000007f8+ _dpmi_private_data_segment
0003:000007fa* _dpmi_entered
0003:00000800* _dpmi_rm_entry
0003:00000808* _dpmi_pm_entry
0003:00000828+ _dos_ltp_info_init
0003:00000829+ _nmi_32_hooked
0003:0000082c+ _nmi_32_refcount
0003:00000830+ _nmi_32_old_vec
0001:00000608* dpmi_linear_lock_
0001:0000065c* dpmi_linear_unlock_
0001:000006b0+ dpmi_phys_addr_map_
0001:00000708+ dpmi_phys_addr_free_
0001:00000734  dpmi_alloc_dos_
0001:000007b8+ dpmi_free_dos_
0001:000007e0* _dos_xread_
0001:00000828* _dos_xwrite_
0001:00000870* dpmi_free_descriptor_
0001:000008b0* dpmi_alloc_descriptors_
0001:00000900* dpmi_set_segment_base_
0001:00000954* dpmi_set_segment_limit_
0001:000009a8* dpmi_set_segment_access_
0001:00000a70  dpmi_alternate_rm_call_
0001:00000b44* dpmi_alternate_rm_call_stacko_
0001:00000c74  probe_dpmi_
0001:00000e58  probe_dos_
0001:00000f6c  detect_windows_
0001:0000122c* dos_list_of_lists_
0001:00001288* dos_mcb_get_psp_
0001:000012a4+ mcb_name_is_junk_
0001:000012d4* dos_mcb_first_segment_
0001:000012e8* mcb_filter_name_
0001:00001380+ dos_mcb_next_
0001:00001424* dos_mcb_first_
0001:00001458* dos_parse_psp_
0001:000014d0+ dos_device_next_
0001:000015b4* dos_device_first_
0001:00001654+ dos_linear_to_phys_vcpi_
0001:00001690* dos_ltp_probe_
0001:00001878* dos_linear_to_phys_
0001:00001b50* dpmi_linear_alloc_
0001:00001bb4* dpmi_linear_free_
0001:00001c08  probe_vcpi_
0001:00001cc0  dpmi_getexhandler_
0001:00001d08  dpmi_setexhandler_
0001:00001d5c* gravis_mega_em_detect_
0001:00001de8* gravis_sbos_detect_
0001:00001e50* gravis_ultramid_detect_
0001:00001ee8* do_nmi_32_unhook_
0001:00001f3c* do_nmi_32_hook_
0001:00001f8c* dos_close_awareness_cancel_
0001:00001fa4* dos_close_awareness_ack_
0001:00001fbc* dos_close_awareness_enable_
0001:00002000* dos_close_awareness_query_
0001:00002040* dos_close_awareness_available_
0001:00002058* dos_vm_yield_
0001:0000206c  detect_virtualbox_emu_
0001:000021dc  windows_emulation_str_
0001:000021f8+ ntvdm_dosntast_detect_
0001:0000225c+ ntvdm_dosntast_load_vdd_
0001:00002340  ntvdm_dosntast_waveOutGetNumDevs_
0001:00002378  ntvdm_dosntast_waveOutGetDevCaps_
0001:000023e8  ntvdm_dosntast_MessageBox_
0001:00002454+ ntvdm_dosntast_init_
0001:00002524* ntvdm_dosntast_unload_
0001:00002580  ntvdm_dosntast_GetTickCount_
0001:000025d4  ntvdm_dosntast_getversionex_
0001:00002650  dos_flavor_str_
0003:00000871  _virtualbox_version_str
0003:000008b2  _ntvdm_dosntast_io_base
0003:00000c44+ _dos_ltp_info
0003:00000c54* _dpmi_pm_es
0003:00000c56* _dpmi_pm_ds
0003:00000c58* _dpmi_pm_cs
0003:00000c5a* _dpmi_pm_ss
0003:00000c5c  _vcpi_minor_version
0003:00000c5d  _vcpi_major_version
Module: /usr/watcom/lib386/dos/clib3r.lib(printf.c)
0001:00002680  printf_
Module: /usr/watcom/lib386/dos/clib3r.lib(memset.c)
0001:000026b0  memset_
Module: ../../hw/dos/dos386f/dos.lib(/usr/src/doslib/hw/dos/dosbox.c)
0001:000026d0  detect_dosbox_emu_
Module: /usr/watcom/lib386/dos/clib3r.lib(cstart)
0001:00000003* ___begtext
0003:00000000* __nullarea
0003:000008bc* __D16Infoseg
0003:000008be  __x386_zero_base_selector
0001:00002794  _cstart_
0001:000029e2  __exit_
0001:000029e4  __do_exit_with_msg__
0001:00002a2c  __GETDS
0001:00002a2c  ___GETDSStart_
0001:00002a37  ___GETDSEnd_
Module: /usr/watcom/lib386/dos/clib3r.lib(int386.c)
0001:00002a40  int386_
Module: /usr/watcom/lib386/dos/clib3r.lib(iob.c)
0003:000008c0  ___iob
0003:00000ac8* __fmode
0003:00000c60  ___OpenStreams
0003:00000c64  ___ClosedStreams
Module: /usr/watcom/lib386/dos/clib3r.lib(fprintf.c)
0001:00002a60  fprintf_
Module: ../../hw/cpu/dos386f/cpu.lib(/usr/src/doslib/hw/cpu/cpu.c)
0003:00000acc+ _cpu_sse_usable
0003:00000acd+ _cpu_sse_usable_probed
0003:00000ace+ _cpu_sse_usable_can_turn_on
0003:00000acf+ _cpu_sse_usable_can_turn_off
0003:00000ad0+ _cpu_sse_unusable_reason
0003:00000ad4+ _cpu_sse_usable_detection_method
0003:00000ad8+ _cpu_cpuid_ext_info
0003:00000adc  _cpu_cpuid_vendor
0003:00000ae9  _cpu_serial
0003:00000af9  _cpu_cpuid_features
0003:00000b09  _cpu_basic_level
0003:00000b0c  _cpu_cpuid_max
0003:00000b10  _cpu_flags
0003:00000b12  _cpu_tmp1
0003:00000b14* _cpu_basic_level_str
0001:00002ad0* cpu_extended_cpuid_info_free_
0001:00002ae8* cpu_extended_cpuid_probe_
0001:00002e10  cpu_probe_
0001:00002e58* cpu_check_sse_is_usable_
0001:00002ff4* cpu_sse_disable_
0001:0000306c* cpu_sse_enable_
Module: /usr/watcom/lib386/dos/clib3r.lib(i8s)
0001:000030e4* __U8RS
0001:000030fe* __I8RS
0001:00003119* __I8LS
0001:00003119  __U8LS
Module: /usr/watcom/lib386/dos/clib3r.lib(d_setvec.c)
0001:00003140  _dos_setvect_
Module: /usr/watcom/lib386/dos/clib3r.lib(d_getvec.c)
0001:00003170  _dos_getvect_
Module: ../../windows/ntvdm/dos386f/ntvdmlib.lib(/usr/src/doslib/windows/ntvdm/ntvdmlib.c)
0001:00003214* i_am_ntvdm_client_
0001:0000323c* ntvdm_RM_ERR_str_
0001:00003284  ntvdm_rm_code_alloc_
0001:00003310  ntvdm_DispatchCall_dpmi_
0001:00003354  ntvdm_UnregisterModule_
0001:00003398  ntvdm_RegisterModule_
Module: /usr/watcom/lib386/dos/clib3r.lib(fprtf.c)
0001:00003550  __fprtf_
Module: /usr/watcom/lib386/dos/clib3r.lib(__stos)
0001:000035f0  __STOSB
0001:00003627* __STOSD
Module: /usr/watcom/lib386/dos/clib3r.lib(cmain386.c)
0001:000036a0  __CMain
Module: /usr/watcom/lib386/dos/clib3r.lib(initrtns.c)
0001:000036f0  __InitRtns
0001:00003740  __FiniRtns
Module: /usr/watcom/lib386/dos/clib3r.lib(dosseg)
0000:00001234  __DOSseg__
Module: /usr/watcom/lib386/dos/clib3r.lib(crwdata)
0003:00000b77  __osmajor
0003:00000b78  __osminor
0003:00000b4c  __psp
0003:00000b6e  __Extender
0003:00000b6f  __ExtenderSubtype
0003:00000b70  __X32VM
0003:00000b50* __x386_stacklow
0003:00000b44  __LpCmdLine
0003:00000b48  __LpPgmName
0003:00000b3c  __dynend
0003:00000b40  __curbrk
0003:00000b50  __STACKLOW
0003:00000b54  __STACKTOP
0003:00000b58  __ASTACKSIZ
0003:00000b5c  __ASTACKPTR
0003:00000b60* __cbyte
0003:00000b64* __cbyte2
0003:00000b68  __child
0003:00000b71  __Envptr
0003:00000b75  __Envseg
0003:00000b6c  __no87
0003:00000b79  ___FPE_handler
Module: /usr/watcom/lib386/dos/clib3r.lib(uselfn.c)
0003:00000b80  ___uselfn
Module: /usr/watcom/lib386/dos/clib3r.lib(segread.c)
0001:000037a0  segread_
Module: /usr/watcom/lib386/dos/clib3r.lib(intx386.c)
0001:000037d0  int386x_
Module: /usr/watcom/lib386/dos/clib3r.lib(initfile.c)
0001:000037f0  __InitFiles_
Module: /usr/watcom/lib386/dos/clib3r.lib(ioexit.c)
0001:000038f0* fcloseall_
0001:00003900  __full_io_exit_
Module: /usr/watcom/lib386/dos/clib3r.lib(nfree.c)
0001:00003910  _nfree_
0001:00003910  free_
0003:00000c68  ___MiniHeapFreeRover
Module: /usr/watcom/lib386/dos/clib3r.lib(nmalloc.c)
0001:00003a10  _nmalloc_
0001:00003a10  malloc_
0003:00000b84  ___nheapbeg
0003:00000b88  ___MiniHeapRover
0003:00000b8c  ___LargestSizeB4MiniHeapRover
Module: ../../hw/cpu/dos386f/cpu.lib(cpuasm.asm)
0002:00000000  cpu_basic_probe_
0002:000000d5* cpu_disable_serial_
0002:000000ea* cpu_ask_serial_
Module: /usr/watcom/lib386/dos/clib3r.lib(abort.c)
0001:00003b0f  abort_
0001:00003b21+ __terminate_
0003:00000b90+ ___abort
Module: /usr/watcom/lib386/dos/clib3r.lib(fputc.c)
0001:00003b40  fputc_
Module: /usr/watcom/lib386/dos/clib3r.lib(ioalloc.c)
0001:00003c00  __ioalloc_
Module: /usr/watcom/lib386/dos/clib3r.lib(prtf.c)
0001:00003ca0  __prtf_
Module: /usr/watcom/lib386/dos/clib3r.lib(flush.c)
0001:00004b10  __flush_
Module: /usr/watcom/lib386/dos/clib3r.lib(cinit.c)
0001:00004c00  __CommonInit_
Module: /usr/watcom/lib386/dos/clib3r.lib(___argc.c)
0003:00000c6c  ____Argc
0003:00000c70  ____Argv
Module: /usr/watcom/lib386/dos/clib3r.lib(exit.c)
0001:00004c60+ __null_int23_exit_
0001:00004c61  exit_
0001:00004c8d* _exit_
0003:00000b94+ ___int23_exit
0003:00000b98+ ___FPE_handler_exit
Module: /usr/watcom/lib386/dos/clib3r.lib(sgdef086)
0003:00000c24  __Start_XI
0003:00000c36  __End_XI
0003:00000c36  __Start_YI
0003:00000c42  __End_YI
Module: /usr/watcom/lib386/dos/clib3r.lib(int386xa)
0001:00004ca4  __int386x_
0001:00004d00* _DoINTR_
Module: /usr/watcom/lib386/dos/clib3r.lib(xmsg.c)
0001:00005080* __exit_with_msg_
0001:00005090  __fatal_runtime_error_
Module: /usr/watcom/lib386/dos/clib3r.lib(fclose.c)
0001:000050b0+ __doclose_
0001:00005130  __shutdown_stream_
0001:00005150* fclose_
0003:00000c74+ ___RmTmpFileFn
Module: /usr/watcom/lib386/dos/clib3r.lib(freefp.c)
0001:00005180  __freefp_
0001:000051c0  __purgefp_
Module: /usr/watcom/lib386/dos/clib3r.lib(mem.c)
0001:000051f0  __MemAllocator
0001:000052a0  __MemFree
Module: /usr/watcom/lib386/dos/clib3r.lib(nmemneed.c)
0001:000053e0  __nmemneed_
Module: /usr/watcom/lib386/dos/clib3r.lib(grownear.c)
0001:00005470+ __FreeDPMIBlocks_
0001:000054e0* __ReAllocDPMIBlock_
0001:00005670+ __LastFree_
0001:000058e0  __ExpandDGROUP_
Module: /usr/watcom/lib386/dos/clib3r.lib(seterrno.c)
0001:00005a2a  __set_errno_
0001:00005a36* __set_EDOM_
0001:00005a42* __set_ERANGE_
0001:00005a4e* __set_EINVAL_
0001:00005a5f  __set_doserrno_
Module: /usr/watcom/lib386/dos/clib3r.lib(chktty.c)
0001:00005a70  __chktty_
Module: /usr/watcom/lib386/dos/clib3r.lib(wctomb.c)
0001:00005ab0  wctomb_
Module: /usr/watcom/lib386/dos/clib3r.lib(itoa.c)
0001:00005ae0+ utoa_
0001:00005b30  itoa_
Module: /usr/watcom/lib386/dos/clib3r.lib(strupr.c)
0001:00005b60  strupr_
Module: /usr/watcom/lib386/dos/clib3r.lib(noefgfmt.c)
0003:00000b9c  ___EFG_printf
0003:00000ba0* ___EFG_scanf
Module: /usr/watcom/lib386/dos/clib3r.lib(lltoa.c)
0001:00005ba0  ulltoa_
0001:00005c10* lltoa_
Module: /usr/watcom/lib386/dos/clib3r.lib(ltoa.c)
0001:00005c40  ultoa_
0001:00005c90* ltoa_
Module: /usr/watcom/lib386/dos/clib3r.lib(mbisdbcs.c)
0003:00000c78  ___IsDBCS
Module: /usr/watcom/lib386/dos/clib3r.lib(mbislead.c)
0001:00005cc0* _ismbblead_
0003:00000c7c  ___MBCSIsTable
Module: /usr/watcom/lib386/dos/clib3r.lib(__lseek.c)
0001:00005ce0  __lseek_
Module: /usr/watcom/lib386/dos/clib3r.lib(qwrit.c)
0001:00005d30  __qwrite_
Module: /usr/watcom/lib386/dos/clib3r.lib(fsync.c)
0001:00005db0  fsync_
Module: /usr/watcom/lib386/dos/clib3r.lib(amblksiz.c)
0003:00000ba4  __amblksiz
Module: /usr/watcom/lib386/dos/clib3r.lib(dpmihost.c)
0001:00005dc0  __DPMI_hosted_
Module: /usr/watcom/lib386/dos/clib3r.lib(enterdb.c)
0001:00005e60  __EnterWVIDEO_
0003:00000bac+ ___WD_Present
Module: /usr/watcom/lib386/dos/clib3r.lib(_clse.c)
0001:00005e90  __close_
Module: /usr/watcom/lib386/dos/clib3r.lib(heapen.c)
0001:00005ee0* _heapenable_
0003:00000bb0  ___heap_enabled
Module: /usr/watcom/lib386/dos/clib3r.lib(minreal.c)
0003:00000d80  ___minreal
Module: /usr/watcom/lib386/dos/clib3r.lib(sbrk386.c)
0001:00005ef0* sbrk_
0001:00005fd0  __brk_
Module: /usr/watcom/lib386/dos/clib3r.lib(errno.c)
0001:000060f0  __get_errno_ptr_
0001:00006100  __get_doserrno_ptr_
0003:00000d84+ _errno
0003:00000d88+ __doserrno
Module: /usr/watcom/lib386/dos/clib3r.lib(isatt.c)
0001:00006110  isatty_
Module: /usr/watcom/lib386/dos/clib3r.lib(alphabet.c)
0003:00000728  ___Alphabet
Module: /usr/watcom/lib386/dos/clib3r.lib(mbinit.c)
0001:0000616a  __mbinit_
0001:0000623b+ dos_get_dbcs_lead_table_
0001:0000632f+ dos_get_code_page_
0003:00000bb4+ ___MBCodePage
Module: /usr/watcom/lib386/dos/clib3r.lib(dosret.c)
0001:000064d0  _dosretax_
0001:000064e0* _dosret0_
0001:000064f0  __set_errno_dos_
0001:00006570* __set_errno_dos_reterr_
Module: /usr/watcom/lib386/dos/clib3r.lib(iomode.c)
0001:00006580  __GetIOMode_
0001:000065a0  __SetIOMode_nogrow_
0003:00000bcc+ ___NFiles
0003:00000bd0+ ___init_mode
0003:00000c20+ ___io_mode
Module: /usr/watcom/lib386/dos/clib3r.lib(filedos.c)
0001:000065c0* _dos_close_
0001:000065d0  _dos_commit_
Module: /usr/watcom/lib386/dos/clib3r.lib(intdx386.c)
0001:000065e0  intdosx_
Module: /usr/watcom/lib386/dos/clib3r.lib(inirmsel.c)
0003:00000d8c  __ExtenderRealModeSelector
Module: /usr/watcom/lib386/dos/clib3r.lib(doserror)
0001:00006754  __doserror_


                        +----------------------+
                        |   Imported Symbols   |
                        +----------------------+

Symbol                              Module
======                              ======



                        +--------------------+
                        |   Libraries Used   |
                        +--------------------+

../../hw/dos/dos386f/dos.lib
../../hw/cpu/dos386f/cpu.lib
../../windows/ntvdm/dos386f/ntvdmlib.lib
/usr/watcom/lib386/dos/clib3r.lib


                        +-----------------------+
                        |   Linker Statistics   |
                        +-----------------------+

Stack size:  00010000 (65536.)
Memory size:  0001760e (95758.)
Entry point address: 0001:00002794
Link time: 00:00.00
