Open Watcom Linker Version 1.9
Portions Copyright (c) 1985-2002 Sybase, Inc. All Rights Reserved.
Created on:       14/05/11 19:26:06
Executable Image: dos86c/test.exe
creating a DOS executable


                        +------------+
                        |   Groups   |
                        +------------+

Group                           Address              Size
=====                           =======              ====

DGROUP                          06a4:0000            000018a0



                        +--------------+
                        |   Segments   |
                        +--------------+

Segment                Class          Group          Address         Size
=======                =====          =====          =======         ====

BEGTEXT                CODE           AUTO           0000:0000       00000007
_TEXT                  CODE           AUTO           0000:0010       000062b8
text                   CODE           AUTO           0000:62c8       00000777
FAR_DATA               FAR_DATA       AUTO           06a3:000f       00000000
_NULL                  BEGDATA        DGROUP         06a4:0000       00000020
_AFTERNULL             BEGDATA        DGROUP         06a6:0000       00000002
CONST                  DATA           DGROUP         06a6:0002       00000bde
CONST2                 DATA           DGROUP         0764:0000       00000000
_DATA                  DATA           DGROUP         0764:0000       00000336
XIB                    DATA           DGROUP         0797:0006       00000000
XI                     DATA           DGROUP         0797:0006       00000012
XIE                    DATA           DGROUP         0798:0008       00000000
YIB                    DATA           DGROUP         0798:0008       00000000
YI                     DATA           DGROUP         0798:0008       00000006
YIE                    DATA           DGROUP         0798:000e       00000000
STRINGS                DATA           DGROUP         0798:000e       00000000
DATA                   DATA           DGROUP         0798:000e       00000000
_BSS                   BSS            DGROUP         0798:000e       00000146
STACK                  STACK          DGROUP         07ae:0000       00000800


                        +----------------+
                        |   Memory Map   |
                        +----------------+

* = unreferenced symbol
+ = symbol only referenced locally

Address        Symbol
=======        ======

Module: dos86c/test.obj(/usr/src/doslib/hw/cpu/test.c)
0000:0010*     cpu_cpuid_ext_cache_tbl_to_str_
0000:0068+     cpu_cpuid_ext_cache_tbl_l2_to_str_
0000:00ea      main_
Module: /usr/watcom/lib286/dos/clibc.lib(sprintf.c)
0000:147e      sprintf_
Module: /usr/watcom/lib286/dos/clibc.lib(isatt.c)
0000:14ab      isatty_
Module: /usr/watcom/lib286/dos/clibc.lib(read.c)
0000:14c7      read_
Module: ../../hw/cpu/dos86c/cpu.lib(/usr/src/doslib/hw/cpu/cpu.c)
06a4:0c00+     _cpu_sse_usable
06a4:0c01+     _cpu_sse_usable_probed
06a4:0c02+     _cpu_sse_usable_can_turn_on
06a4:0c03+     _cpu_sse_usable_can_turn_off
06a4:0c04+     _cpu_sse_unusable_reason
06a4:0c08+     _cpu_sse_usable_detection_method
06a4:0c0c      _cpu_cpuid_ext_info
06a4:0c10      _cpu_cpuid_vendor
06a4:0c1d      _cpu_serial
06a4:0c2d      _cpu_cpuid_features
06a4:0c3d      _cpu_basic_level
06a4:0c40      _cpu_cpuid_max
06a4:0c44      _cpu_flags
06a4:0c46      _cpu_tmp1
06a4:0c48      _cpu_basic_level_str
0000:15c6      cpu_extended_cpuid_info_free_
0000:15e8      cpu_extended_cpuid_probe_
0000:1962      cpu_probe_
0000:1970*     cpu_check_sse_is_usable_
0000:1b20*     cpu_sse_disable_
0000:1ba4*     cpu_sse_enable_
Module: /usr/watcom/lib286/dos/clibc.lib(printf.c)
0000:1c27      printf_
Module: ../../hw/cpu/dos86c/cpu.lib(cpuasm.asm)
0000:62c8      cpu_basic_probe_
0000:63d2*     _inpd
0000:63e3*     _outpd
0000:63f1*     cpu_disable_serial_
0000:640e      cpu_ask_serial_
0000:644a*     reset_8086_entry_
0000:6450*     bios_reset_cb_e_
0000:647e*     cpu_rdtsc_
0000:6494*     cpu_rdtsc_write_
0000:64be      cpu_cpuid_
0000:64f6      _cpu_dpmi_win9x_sse_test
Module: /usr/watcom/lib286/dos/clibc.lib(assert99.c)
0000:1c54      _assert99_
0000:1ded*     __assert99_
Module: /usr/watcom/lib286/dos/clibc.lib(cstart)
0000:0003*     ___begtext
06a4:0000*     __nullarea
0000:1e22      _cstart_
0000:1ef7*     _Not_Enough_Memory_
0000:2022      __exit_
0000:2041      __do_exit_with_msg__
0000:2084      __GETDS
Module: /usr/watcom/lib286/dos/clibc.lib(cmodel)
0000:208e      _small_code_
0000:208e*     CodeModelMismatch
Module: /usr/watcom/lib286/dos/clibc.lib(vsprintf.c)
0000:20a7      vsprintf_
Module: /usr/watcom/lib286/dos/clibc.lib(iomodtty.c)
0000:20cc      __ChkTTYIOMode_
0000:2108*     __IOMode_
Module: /usr/watcom/lib286/dos/clibc.lib(iomode.c)
0000:2115      __GetIOMode_
0000:213a      __SetIOMode_nogrow_
06a4:0c76+     ___NFiles
06a4:0c78+     ___init_mode
06a4:0ca0      ___io_mode
Module: /usr/watcom/lib286/dos/clibc.lib(seterrno.c)
0000:215d      __set_errno_
0000:216f*     __set_EDOM_
0000:217f*     __set_ERANGE_
0000:218f*     __set_EINVAL_
0000:21a2      __set_doserrno_
Module: /usr/watcom/lib286/dos/clibc.lib(dosret.c)
0000:21ac*     _dosretax_
0000:21b1*     _dosret0_
0000:21b8      __set_errno_dos_
0000:2212*     __set_errno_dos_reterr_
Module: /usr/watcom/lib286/dos/clibc.lib(__lseek.c)
0000:221c      __lseek_
Module: /usr/watcom/lib286/dos/clibc.lib(ffree.c)
0000:2254      _ffree_
0000:2254      free_
Module: /usr/watcom/lib286/dos/clibc.lib(fmalloc.c)
0000:2296      _fmalloc_
0000:2296      malloc_
06a4:0cb8+     ___fheap
06a4:0cba      ___fheapRover
06a4:0cbc      ___LargestSizeB4Rover
Module: ../../hw/dos/dos86c/dos.lib(/usr/src/doslib/hw/dos/dos.c)
06a4:0cc0*     _megaem_info
06a4:0cc6+     _lib_dos_option
06a4:0cc8+     _dos_LOL
06a4:0ccc+     _dos_flavor
06a4:0cce+     _dos_version
06a4:0cd0+     _freedos_kernel_version
06a4:0cd4+     _dos_version_method
06a4:0cd8+     _windows_version_method
06a4:0cdc+     _ntvdm_dosntast_tried
06a4:0cde+     _ntvdm_dosntast_handle
06a4:0ce0+     _freedos_kernel_version_str
06a4:0ce4*     _windows_emulation_comment_str
06a4:0ce8+     _windows_emulation
06a4:0cea+     _windows_version
06a4:0cec      _windows_mode
06a4:0ced+     _windows_init
06a4:0cee+     _vcpi_probed
06a4:0cef+     _vcpi_present
06a4:0cf0*     _windows_mode_strs
06a4:0d08+     _dpmi_flags
06a4:0d0a+     _dpmi_version
06a4:0d0c+     _dpmi_init
06a4:0d10      _dpmi_entry_point
06a4:0d14      _dpmi_present
06a4:0d15+     _dpmi_processor_type
06a4:0d16+     _dpmi_private_data_length_paragraphs
06a4:0d18      _dpmi_private_data_segment
06a4:0d1a      _dpmi_entered
06a4:0d20      _dpmi_rm_entry
06a4:0d28      _dpmi_pm_entry
0000:23a0*     _dos_xread_
0000:23e4*     _dos_xwrite_
0000:2428      probe_dpmi_
0000:24dc      probe_dos_
0000:25de      detect_windows_
0000:2820*     dos_list_of_lists_
0000:2858*     dos_mcb_get_psp_
0000:2876+     mcb_name_is_junk_
0000:28a2+     dos_mcb_first_segment_
0000:28c0*     mcb_filter_name_
0000:2976+     dos_mcb_next_
0000:2a2a*     dos_mcb_first_
0000:2a6c*     dos_parse_psp_
0000:2ade+     dos_device_next_
0000:2bb2*     dos_device_first_
0000:2c56*     dos_linear_to_phys_vcpi_
0000:2cb2*     probe_vcpi_
0000:2d34*     dpmi_getexhandler_
0000:2d6e*     dpmi_setexhandler_
0000:2daa+     dpmi_private_alloc_
0000:2e08      dpmi_enter_
0000:2eac*     gravis_mega_em_detect_
0000:2f2a*     gravis_sbos_detect_
0000:2f8c*     gravis_ultramid_detect_
0000:2fee*     dos_close_awareness_cancel_
0000:3002*     dos_close_awareness_ack_
0000:3016*     dos_close_awareness_enable_
0000:3056*     dos_close_awareness_query_
0000:308c*     dos_close_awareness_available_
0000:30a0*     dos_vm_yield_
0000:30b2*     detect_virtualbox_emu_
0000:31ea*     dpmi_lin2fmemcpy_
0000:3258*     dpmi_lin2fmemcpy_init_
0000:3276*     windows_emulation_str_
0000:3290+     ntvdm_dosntast_detect_
0000:32f2+     ntvdm_dosntast_load_vdd_
0000:3416*     ntvdm_dosntast_waveOutGetNumDevs_
0000:343a*     ntvdm_dosntast_waveOutGetDevCaps_
0000:34a4*     ntvdm_dosntast_MessageBox_
0000:34f8+     ntvdm_dosntast_init_
0000:35b6*     ntvdm_dosntast_unload_
0000:35f4*     ntvdm_dosntast_GetTickCount_
0000:3640+     ntvdm_dosntast_getversionex_
0000:36a0*     dos_flavor_str_
06a4:0d45+     _virtualbox_version_str
06a4:0d86+     _ntvdm_dosntast_io_base
06a4:0f70      _dpmi_pm_es
06a4:0f72      _dpmi_pm_ds
06a4:0f74      _dpmi_pm_cs
06a4:0f76      _dpmi_pm_ss
06a4:0f78+     _vcpi_minor_version
06a4:0f79+     _vcpi_major_version
Module: /usr/watcom/lib286/dos/clibc.lib(d_getvec.c)
0000:36c4      _dos_getvect_
Module: /usr/watcom/lib286/dos/clibc.lib(d_setvec.c)
0000:36cf      _dos_setvect_
Module: /usr/watcom/lib286/dos/clibc.lib(iob.c)
06a4:0d88      ___iob
06a4:0ef0*     __fmode
06a4:0f7a      ___OpenStreams
06a4:0f7e      ___ClosedStreams
Module: /usr/watcom/lib286/dos/clibc.lib(fprtf.c)
0000:36f4      __fprtf_
Module: /usr/watcom/lib286/dos/clibc.lib(bprintf.c)
0000:37e7+     _vbprintf_
0000:382d*     _bprintf_
0000:385b+     _vsnprintf_
0000:38b3      _snprintf_
Module: /usr/watcom/lib286/dos/clibc.lib(enterdb.c)
0000:38de      __EnterWVIDEO_
06a4:0ef2      ___WD_Present
Module: /usr/watcom/lib286/dos/clibc.lib(stack086.c)
0000:3902      stackavail_
Module: /usr/watcom/lib286/dos/clibc.lib(rterrmsg.c)
0000:3910      __rterr_msg_
Module: /usr/watcom/lib286/dos/clibc.lib(abort.c)
0000:393d      abort_
0000:394e+     __terminate_
06a4:0ef4+     ___abort
Module: /usr/watcom/lib286/dos/clibc.lib(xmsg.c)
0000:395f*     __exit_with_msg_
0000:3962      __fatal_runtime_error_
Module: /usr/watcom/lib286/dos/clibc.lib(cmain086.c)
0000:397c      __CMain
Module: /usr/watcom/lib286/dos/clibc.lib(initrtns.c)
0000:39d8*     __FInitRtns
0000:39dc      __InitRtns
0000:3a37*     __FFiniRtns
0000:3a3b      __FiniRtns
Module: /usr/watcom/lib286/dos/clibc.lib(crwdata)
06a4:0ef6      __curbrk
06a4:0efe      __STACKLOW
06a4:0f00      __STACKTOP
06a4:0f02      __cbyte
06a4:0f04      __child
06a4:0f06      __no87
06a4:0f14      ___FPE_handler
06a4:0ef8      __psp
06a4:0f08      __get_ovl_stack
06a4:0f0c      __restore_ovl_stack
06a4:0f10      __close_ovl_file
06a4:0f18      __LpCmdLine
06a4:0f1c      __LpPgmName
06a4:0efa      __osmajor
06a4:0efb      __osminor
06a4:0efc      __osmode
06a4:0efd      __HShift
Module: /usr/watcom/lib286/dos/clibc.lib(uselfn.c)
06a4:0f20      ___uselfn
Module: /usr/watcom/lib286/dos/clibc.lib(dosseg)
0000:3aa0      __DOSseg__
Module: /usr/watcom/lib286/dos/clibc.lib(prtf.c)
0000:3aa1      __prtf_
Module: /usr/watcom/lib286/dos/clibc.lib(errno.c)
0000:485b      __get_errno_ptr_
0000:4862      __get_doserrno_ptr_
06a4:0f82+     _errno
06a4:0f84+     __doserrno
Module: /usr/watcom/lib286/dos/clibc.lib(nmalloc.c)
0000:4869      _nmalloc_
06a4:0f22      ___nheapbeg
06a4:0f24      ___MiniHeapRover
06a4:0f26      ___LargestSizeB4MiniHeapRover
Module: /usr/watcom/lib286/dos/clibc.lib(mem.c)
0000:4940      __MemAllocator
0000:4a0a      __MemFree
Module: /usr/watcom/lib286/dos/clibc.lib(nfree.c)
0000:4b67      _nfree_
06a4:0f86+     ___MiniHeapFreeRover
Module: /usr/watcom/lib286/dos/clibc.lib(hpgrw086.c)
0000:4c5f      __CMain_nheapgrow_
Module: /usr/watcom/lib286/dos/clibc.lib(growseg.c)
0000:4c62      __GrowSeg_
Module: /usr/watcom/lib286/dos/clibc.lib(allocseg.c)
0000:4d54      __AllocSeg_
Module: /usr/watcom/lib286/dos/clibc.lib(fmemneed.c)
0000:4deb      __fmemneed_
Module: /usr/watcom/lib286/dos/clibc.lib(intx086.c)
0000:4dee+     int86x_
0000:4e85      int86_
Module: ../../hw/dos/dos86c/dos.lib(dosasm.asm)
0000:6628      _dpmi_enter_core
0000:67f9      _dpmi_lin2fmemcpy_32
0000:6919      _dpmi_lin2fmemcpy_16
Module: ../../windows/ntvdm/dos86c/ntvdmlib.lib(/usr/src/doslib/windows/ntvdm/ntvdmlib.c)
0000:4eb0*     i_am_ntvdm_client_
0000:4ef0*     ntvdm_RM_ERR_str_
0000:4f22      ntvdm_UnregisterModule_
0000:4f3e      ntvdm_RegisterModule_
Module: /usr/watcom/lib286/dos/clibc.lib(initfile.c)
0000:50ab      __InitFiles_
Module: /usr/watcom/lib286/dos/clibc.lib(ioexit.c)
0000:51f1*     fcloseall_
0000:51f6      __full_io_exit_
Module: /usr/watcom/lib286/dos/clibc.lib(fputc.c)
0000:51fe      fputc_
Module: /usr/watcom/lib286/dos/clibc.lib(ioalloc.c)
0000:52c6      __ioalloc_
Module: /usr/watcom/lib286/dos/clibc.lib(flush.c)
0000:535c      __flush_
Module: /usr/watcom/lib286/dos/clibc.lib(fputs.c)
0000:5487      fputs_
Module: /usr/watcom/lib286/dos/clibc.lib(___argc.c)
06a4:0f88      ____Argv
06a4:0f8c      ____Argc
Module: /usr/watcom/lib286/dos/clibc.lib(amblksiz.c)
06a4:0f28      __amblksiz
Module: /usr/watcom/lib286/dos/clibc.lib(exit.c)
0000:5521+     __null_int23_exit_
0000:5522      exit_
0000:554f*     _exit_
06a4:0f2a+     ___int23_exit
06a4:0f2c+     ___FPE_handler_exit
Module: /usr/watcom/lib286/dos/clibc.lib(sgdef086)
06a4:0f36      __Start_XI
06a4:0f48      __End_XI
06a4:0f48      __Start_YI
06a4:0f4e      __End_YI
Module: /usr/watcom/lib286/dos/clibc.lib(wctomb.c)
0000:556a      wctomb_
Module: /usr/watcom/lib286/dos/clibc.lib(itoa.c)
0000:5593+     utoa_
0000:55f0      itoa_
Module: /usr/watcom/lib286/dos/clibc.lib(i4m)
0000:5614*     __I4M
0000:5614      __U4M
Module: /usr/watcom/lib286/dos/clibc.lib(strupr.c)
0000:562c      strupr_
Module: /usr/watcom/lib286/dos/clibc.lib(noefgfmt.c)
06a4:0f2e      ___EFG_printf
06a4:0f30*     ___EFG_scanf
Module: /usr/watcom/lib286/dos/clibc.lib(mbisdbcs.c)
06a4:0f8e      ___IsDBCS
Module: /usr/watcom/lib286/dos/clibc.lib(mbislead.c)
0000:565f*     _ismbblead_
06a4:0f90      ___MBCSIsTable
Module: /usr/watcom/lib286/dos/clibc.lib(lltoa.c)
0000:5679      ulltoa_
0000:575e*     lltoa_
Module: /usr/watcom/lib286/dos/clibc.lib(ltoa.c)
0000:57bf      ultoa_
0000:582e*     ltoa_
Module: /usr/watcom/lib286/dos/clibc.lib(nmemneed.c)
0000:585c      __nmemneed_
Module: /usr/watcom/lib286/dos/clibc.lib(grownear.c)
0000:58e4      __LastFree_
0000:595d      __ExpandDGROUP_
Module: /usr/watcom/lib286/dos/clibc.lib(heapgrow.c)
0000:5a6a*     _heapgrow_
0000:5a6a*     _fheapgrow_
0000:5a6b      _nheapgrow_
Module: /usr/watcom/lib286/dos/clibc.lib(heapen.c)
0000:5adf*     _heapenable_
06a4:0f32      ___heap_enabled
Module: /usr/watcom/lib286/dos/clibc.lib(intr.c)
0000:5af0      intr_
Module: /usr/watcom/lib286/dos/clibc.lib(segread.c)
0000:5b02      segread_
Module: /usr/watcom/lib286/dos/clibc.lib(fclose.c)
0000:5b22+     __doclose_
0000:5bcb      __shutdown_stream_
0000:5be2*     fclose_
06a4:1092+     ___RmTmpFileFn
Module: /usr/watcom/lib286/dos/clibc.lib(freefp.c)
0000:5c2c      __freefp_
0000:5ca7      __purgefp_
Module: /usr/watcom/lib286/dos/clibc.lib(chktty.c)
0000:5ce6      __chktty_
Module: /usr/watcom/lib286/dos/clibc.lib(qwrit.c)
0000:5d0f      __qwrite_
Module: /usr/watcom/lib286/dos/clibc.lib(fsync.c)
0000:5d66      fsync_
Module: /usr/watcom/lib286/dos/clibc.lib(alphabet.c)
06a4:0bda      ___Alphabet
Module: /usr/watcom/lib286/dos/clibc.lib(mbinit.c)
0000:5da7      __mbinit_
06a4:0f34+     ___MBCodePage
Module: /usr/watcom/lib286/dos/clibc.lib(sbrk.c)
0000:5e82*     sbrk_
0000:5e91      __brk_
Module: /usr/watcom/lib286/dos/clibc.lib(dointr)
0000:5efa      _DoINTR_
Module: /usr/watcom/lib286/dos/clibc.lib(_clse.c)
0000:6273      __close_
Module: /usr/watcom/lib286/dos/clibc.lib(filedos.c)
0000:62a2*     _dos_close_
0000:62ae      _dos_commit_
Module: /usr/watcom/lib286/dos/clibc.lib(doserror)
0000:62bc      __doserror_


                        +--------------------+
                        |   Libraries Used   |
                        +--------------------+

../../hw/dos/dos86c/dos.lib
../../hw/cpu/dos86c/cpu.lib
../../windows/ntvdm/dos86c/ntvdmlib.lib
/usr/watcom/lib286/dos/clibc.lib


                        +-----------------------+
                        |   Linker Statistics   |
                        +-----------------------+

Stack size:  0800 (2048.)
Memory size:  82e0 (33504.)
Entry point address: 0000:1e22
Link time: 00:00.01
