Open Watcom Linker Version 1.9
Portions Copyright (c) 1985-2002 Sybase, Inc. All Rights Reserved.
Created on:       14/05/11 21:49:23
Executable Image: dos86m/test.exe
creating a DOS executable


                        +------------+
                        |   Groups   |
                        +------------+

Group                           Address              Size
=====                           =======              ====

DGROUP                          05da:0000            00001810



                        +--------------+
                        |   Segments   |
                        +--------------+

Segment                Class          Group          Address         Size
=======                =====          =====          =======         ====

test_TEXT              CODE           AUTO           0000:0000       000013b1
_TEXT                  CODE           AUTO           0000:13c0       000028e4
cpu_TEXT               CODE           AUTO           0000:3cb0       000005eb
text                   CODE           AUTO           0000:429b       00000767
dos_TEXT               CODE           AUTO           0000:4a10       00001294
ntvdmlib_TEXT          CODE           AUTO           0000:5cb0       000000ed
FAR_DATA               FAR_DATA       AUTO           05d9:000d       00000000
_NULL                  BEGDATA        DGROUP         05da:0000       00000020
_AFTERNULL             BEGDATA        DGROUP         05dc:0000       00000002
CONST                  DATA           DGROUP         05dc:0002       00000bde
CONST2                 DATA           DGROUP         069a:0000       00000000
_DATA                  DATA           DGROUP         069a:0000       000002bc
XIB                    DATA           DGROUP         06c5:000c       00000000
XI                     DATA           DGROUP         06c5:000c       0000000c
XIE                    DATA           DGROUP         06c6:0008       00000000
YIB                    DATA           DGROUP         06c6:0008       00000000
YI                     DATA           DGROUP         06c6:0008       00000006
YIE                    DATA           DGROUP         06c6:000e       00000000
STRINGS                DATA           DGROUP         06c6:000e       00000000
DATA                   DATA           DGROUP         06c6:000e       00000000
_BSS                   BSS            DGROUP         06c6:000e       00000142
STACK                  STACK          DGROUP         06db:0000       00000800


                        +----------------+
                        |   Memory Map   |
                        +----------------+

* = unreferenced symbol
+ = symbol only referenced locally

Address        Symbol
=======        ======

Module: dos86m/test.obj(/usr/src/doslib/hw/cpu/test.c)
0000:0000+     cpu_cpuid_ext_cache_tbl_to_str_
0000:005c+     cpu_cpuid_ext_cache_tbl_l2_to_str_
0000:00dc      main_
Module: /usr/watcom/lib286/dos/clibm.lib(sprintf.c)
0000:13c0      sprintf_
Module: /usr/watcom/lib286/dos/clibm.lib(isatt.c)
0000:13e2      isatty_
Module: /usr/watcom/lib286/dos/clibm.lib(read.c)
0000:13fe      read_
Module: ../../hw/cpu/dos86m/cpu.lib(/usr/src/doslib/hw/cpu/cpu.c)
05da:0c00+     _cpu_sse_usable
05da:0c01+     _cpu_sse_usable_probed
05da:0c02+     _cpu_sse_usable_can_turn_on
05da:0c03+     _cpu_sse_usable_can_turn_off
05da:0c04+     _cpu_sse_unusable_reason
05da:0c06+     _cpu_sse_usable_detection_method
05da:0c08      _cpu_cpuid_ext_info
05da:0c0a      _cpu_cpuid_vendor
05da:0c17      _cpu_serial
05da:0c27      _cpu_cpuid_features
05da:0c37      _cpu_basic_level
05da:0c38      _cpu_cpuid_max
05da:0c3c      _cpu_flags
05da:0c3e      _cpu_tmp1
05da:0c40      _cpu_basic_level_str
0000:3cc6      cpu_extended_cpuid_info_free_
0000:3cde      cpu_extended_cpuid_probe_
0000:4034      cpu_probe_
0000:4048*     cpu_check_sse_is_usable_
0000:41a4*     cpu_sse_disable_
0000:4220*     cpu_sse_enable_
Module: /usr/watcom/lib286/dos/clibm.lib(printf.c)
0000:14d2      printf_
Module: ../../hw/cpu/dos86m/cpu.lib(cpuasm.asm)
0000:429b      cpu_basic_probe_
0000:43a6*     _inpd
0000:43b7*     _outpd
0000:43c5*     cpu_disable_serial_
0000:43e2      cpu_ask_serial_
0000:4417*     reset_8086_entry_
0000:441d*     bios_reset_cb_e_
0000:444b*     cpu_rdtsc_
0000:4461*     cpu_rdtsc_write_
0000:448b      cpu_cpuid_
0000:44b9      _cpu_dpmi_win9x_sse_test
Module: /usr/watcom/lib286/dos/clibm.lib(assert99.c)
0000:14f4      _assert99_
0000:165a*     __assert99_
Module: /usr/watcom/lib286/dos/clibm.lib(cstart)
05da:0000*     __nullarea
05da:0c60*     __ovlflag
05da:0c61*     __intno
05da:0c62*     __ovlvec
0000:167e      _cstart_
0000:1751*     _Not_Enough_Memory_
0000:1885      __exit_
0000:18a4      __do_exit_with_msg__
0000:1902      __GETDS
Module: /usr/watcom/lib286/dos/clibm.lib(cmodel)
0000:190c      _big_code_
0000:190c*     CodeModelMismatch
Module: /usr/watcom/lib286/dos/clibm.lib(vsprintf.c)
0000:191f      vsprintf_
Module: /usr/watcom/lib286/dos/clibm.lib(iomodtty.c)
0000:193a      __ChkTTYIOMode_
0000:196e*     __IOMode_
Module: /usr/watcom/lib286/dos/clibm.lib(iomode.c)
0000:197e      __GetIOMode_
0000:1995      __SetIOMode_nogrow_
05da:0c66+     ___NFiles
05da:0c68+     ___init_mode
05da:0c90      ___io_mode
Module: /usr/watcom/lib286/dos/clibm.lib(seterrno.c)
0000:19aa      __set_errno_
0000:19ba*     __set_EDOM_
0000:19c8*     __set_ERANGE_
0000:19d6*     __set_EINVAL_
0000:19e7      __set_doserrno_
Module: /usr/watcom/lib286/dos/clibm.lib(dosret.c)
0000:19f2*     _dosretax_
0000:19f7*     _dosret0_
0000:19fe      __set_errno_dos_
0000:1a52*     __set_errno_dos_reterr_
Module: /usr/watcom/lib286/dos/clibm.lib(__lseek.c)
0000:1a5d      __lseek_
Module: /usr/watcom/lib286/dos/clibm.lib(nfree.c)
0000:1a97      _nfree_
0000:1a97      free_
05da:0ef0+     ___MiniHeapFreeRover
Module: /usr/watcom/lib286/dos/clibm.lib(nmalloc.c)
0000:1b5c      _nmalloc_
0000:1b5c      malloc_
05da:0ca6      ___nheapbeg
05da:0ca8      ___MiniHeapRover
05da:0caa      ___LargestSizeB4MiniHeapRover
Module: ../../hw/dos/dos86m/dos.lib(/usr/src/doslib/hw/dos/dos.c)
05da:0cb0*     _megaem_info
05da:0cb6+     _lib_dos_option
05da:0cb8+     _dos_LOL
05da:0cbc+     _dos_flavor
05da:0cbe+     _dos_version
05da:0cc0+     _freedos_kernel_version
05da:0cc4+     _dos_version_method
05da:0cc6+     _windows_version_method
05da:0cc8+     _ntvdm_dosntast_tried
05da:0cca+     _ntvdm_dosntast_handle
05da:0ccc+     _freedos_kernel_version_str
05da:0cd0*     _windows_emulation_comment_str
05da:0cd2+     _windows_emulation
05da:0cd4+     _windows_version
05da:0cd6      _windows_mode
05da:0cd7+     _windows_init
05da:0cd8+     _vcpi_probed
05da:0cd9+     _vcpi_present
05da:0cda*     _windows_mode_strs
05da:0ce6+     _dpmi_flags
05da:0ce8+     _dpmi_version
05da:0cea+     _dpmi_init
05da:0cec      _dpmi_entry_point
05da:0cf0      _dpmi_present
05da:0cf1+     _dpmi_processor_type
05da:0cf2+     _dpmi_private_data_length_paragraphs
05da:0cf4      _dpmi_private_data_segment
05da:0cf6      _dpmi_entered
05da:0cf8      _dpmi_rm_entry
05da:0d00      _dpmi_pm_entry
0000:4a10*     _dos_xread_
0000:4a56*     _dos_xwrite_
0000:4a9c      probe_dpmi_
0000:4b44      probe_dos_
0000:4c2c      detect_windows_
0000:4e24*     dos_list_of_lists_
0000:4e5c*     dos_mcb_get_psp_
0000:4e78+     mcb_name_is_junk_
0000:4ea4+     dos_mcb_first_segment_
0000:4ec0*     mcb_filter_name_
0000:4f6e+     dos_mcb_next_
0000:5004*     dos_mcb_first_
0000:5046*     dos_parse_psp_
0000:50ba+     dos_device_next_
0000:5190*     dos_device_first_
0000:523c*     dos_linear_to_phys_vcpi_
0000:529c*     probe_vcpi_
0000:531c*     dpmi_getexhandler_
0000:5358*     dpmi_setexhandler_
0000:5396+     dpmi_private_alloc_
0000:53f2      dpmi_enter_
0000:5490*     gravis_mega_em_detect_
0000:5510*     gravis_sbos_detect_
0000:557a*     gravis_ultramid_detect_
0000:55e4*     dos_close_awareness_cancel_
0000:55fe*     dos_close_awareness_ack_
0000:5618*     dos_close_awareness_enable_
0000:565a*     dos_close_awareness_query_
0000:5692*     dos_close_awareness_available_
0000:56a4*     dos_vm_yield_
0000:56bc*     detect_virtualbox_emu_
0000:57e0*     dpmi_lin2fmemcpy_
0000:584c*     dpmi_lin2fmemcpy_init_
0000:5872*     windows_emulation_str_
0000:5886+     ntvdm_dosntast_detect_
0000:58ea+     ntvdm_dosntast_load_vdd_
0000:5a02*     ntvdm_dosntast_waveOutGetNumDevs_
0000:5a28*     ntvdm_dosntast_waveOutGetDevCaps_
0000:5a94*     ntvdm_dosntast_MessageBox_
0000:5ae2+     ntvdm_dosntast_init_
0000:5b9c*     ntvdm_dosntast_unload_
0000:5bda*     ntvdm_dosntast_GetTickCount_
0000:5c26+     ntvdm_dosntast_getversionex_
0000:5c88*     dos_flavor_str_
05da:0d17+     _virtualbox_version_str
05da:0d58+     _ntvdm_dosntast_io_base
05da:0ef2      _dpmi_pm_es
05da:0ef4      _dpmi_pm_ds
05da:0ef6      _dpmi_pm_cs
05da:0ef8      _dpmi_pm_ss
05da:0efa+     _vcpi_minor_version
05da:0efb+     _vcpi_major_version
Module: /usr/watcom/lib286/dos/clibm.lib(d_getvec.c)
0000:1c1d      _dos_getvect_
Module: /usr/watcom/lib286/dos/clibm.lib(d_setvec.c)
0000:1c28      _dos_setvect_
Module: /usr/watcom/lib286/dos/clibm.lib(iob.c)
05da:0d5a      ___iob
05da:0e72*     __fmode
05da:0efc      ___OpenStreams
05da:0efe      ___ClosedStreams
Module: /usr/watcom/lib286/dos/clibm.lib(fprtf.c)
0000:1c46      __fprtf_
Module: /usr/watcom/lib286/dos/clibm.lib(bprintf.c)
0000:1d07+     _vbprintf_
0000:1d3c*     _bprintf_
0000:1d62+     _vsnprintf_
0000:1dad      _snprintf_
Module: /usr/watcom/lib286/dos/clibm.lib(enterdb.c)
0000:1dce      __EnterWVIDEO_
05da:0e74      ___WD_Present
Module: /usr/watcom/lib286/dos/clibm.lib(stack086.c)
0000:1dea      stackavail_
Module: /usr/watcom/lib286/dos/clibm.lib(rterrmsg.c)
0000:1df1      __rterr_msg_
Module: /usr/watcom/lib286/dos/clibm.lib(abort.c)
0000:1e13      abort_
0000:1e30+     __terminate_
05da:0e76+     ___abort
Module: /usr/watcom/lib286/dos/clibm.lib(xmsg.c)
0000:1e42*     __exit_with_msg_
0000:1e47      __fatal_runtime_error_
Module: /usr/watcom/lib286/dos/clibm.lib(cmain086.c)
0000:1e65      __CMain
Module: /usr/watcom/lib286/dos/clibm.lib(initrtns.c)
0000:1ec0      __InitRtns
0000:1ec0*     __FInitRtns
0000:1f1b      __FiniRtns
0000:1f1b*     __FFiniRtns
Module: /usr/watcom/lib286/dos/clibm.lib(crwdata)
05da:0e7a      __curbrk
05da:0e82      __STACKLOW
05da:0e84      __STACKTOP
05da:0e86      __cbyte
05da:0e88      __child
05da:0e8a      __no87
05da:0e98      ___FPE_handler
05da:0e7c      __psp
05da:0e8c      __get_ovl_stack
05da:0e90      __restore_ovl_stack
05da:0e94      __close_ovl_file
05da:0e9c      __LpCmdLine
05da:0ea0      __LpPgmName
05da:0e7e      __osmajor
05da:0e7f      __osminor
05da:0e80      __osmode
05da:0e81      __HShift
Module: /usr/watcom/lib286/dos/clibm.lib(uselfn.c)
05da:0ea4      ___uselfn
Module: /usr/watcom/lib286/dos/clibm.lib(dosseg)
0000:1f80      __DOSseg__
Module: /usr/watcom/lib286/dos/clibm.lib(prtf.c)
0000:1f81      __prtf_
Module: /usr/watcom/lib286/dos/clibm.lib(errno.c)
0000:2af9      __get_errno_ptr_
0000:2afd      __get_doserrno_ptr_
05da:0f00+     _errno
05da:0f02+     __doserrno
Module: /usr/watcom/lib286/dos/clibm.lib(mem.c)
0000:2b10      __MemAllocator
0000:2bda      __MemFree
Module: /usr/watcom/lib286/dos/clibm.lib(nmemneed.c)
0000:2d37      __nmemneed_
Module: /usr/watcom/lib286/dos/clibm.lib(grownear.c)
0000:2da6+     __LastFree_
0000:2e0e      __ExpandDGROUP_
Module: /usr/watcom/lib286/dos/clibm.lib(intx086.c)
0000:2eed+     int86x_
0000:2f73      int86_
Module: ../../hw/dos/dos86m/dos.lib(dosasm.asm)
0000:45eb      _dpmi_enter_core
0000:47bc      _dpmi_lin2fmemcpy_32
0000:48dc      _dpmi_lin2fmemcpy_16
Module: ../../windows/ntvdm/dos86m/ntvdmlib.lib(/usr/src/doslib/windows/ntvdm/ntvdmlib.c)
0000:5cb0*     i_am_ntvdm_client_
0000:5cfc*     ntvdm_RM_ERR_str_
0000:5d2c      ntvdm_UnregisterModule_
0000:5d4a      ntvdm_RegisterModule_
Module: /usr/watcom/lib286/dos/clibm.lib(initfile.c)
0000:2f94      __InitFiles_
Module: /usr/watcom/lib286/dos/clibm.lib(ioexit.c)
0000:305e*     fcloseall_
0000:3065      __full_io_exit_
Module: /usr/watcom/lib286/dos/clibm.lib(fputc.c)
0000:306f      fputc_
Module: /usr/watcom/lib286/dos/clibm.lib(ioalloc.c)
0000:311d      __ioalloc_
Module: /usr/watcom/lib286/dos/clibm.lib(flush.c)
0000:318d      __flush_
Module: /usr/watcom/lib286/dos/clibm.lib(fputs.c)
0000:327e      fputs_
Module: /usr/watcom/lib286/dos/clibm.lib(___argc.c)
05da:0f04      ____Argc
05da:0f06      ____Argv
Module: /usr/watcom/lib286/dos/clibm.lib(amblksiz.c)
05da:0ea6      __amblksiz
Module: /usr/watcom/lib286/dos/clibm.lib(exit.c)
0000:32fb+     __null_int23_exit_
0000:32fc      exit_
0000:331e*     _exit_
05da:0ea8+     ___int23_exit
05da:0eac+     ___FPE_handler_exit
Module: /usr/watcom/lib286/dos/clibm.lib(sgdef086)
05da:0ebc      __Start_XI
05da:0ec8      __End_XI
05da:0ec8      __Start_YI
05da:0ece      __End_YI
Module: /usr/watcom/lib286/dos/clibm.lib(wctomb.c)
0000:332e      wctomb_
Module: /usr/watcom/lib286/dos/clibm.lib(itoa.c)
0000:334b+     utoa_
0000:3390      itoa_
Module: /usr/watcom/lib286/dos/clibm.lib(i4m)
0000:33ac*     __I4M
0000:33ac      __U4M
Module: /usr/watcom/lib286/dos/clibm.lib(strupr.c)
0000:33c4      strupr_
Module: /usr/watcom/lib286/dos/clibm.lib(noefgfmt.c)
05da:0eb0      ___EFG_printf
05da:0eb4*     ___EFG_scanf
Module: /usr/watcom/lib286/dos/clibm.lib(mbisdbcs.c)
05da:0f08      ___IsDBCS
Module: /usr/watcom/lib286/dos/clibm.lib(mbislead.c)
0000:33f6*     _ismbblead_
05da:0f0a      ___MBCSIsTable
Module: /usr/watcom/lib286/dos/clibm.lib(lltoa.c)
0000:340d      ulltoa_
0000:34d2*     lltoa_
Module: /usr/watcom/lib286/dos/clibm.lib(ltoa.c)
0000:3526      ultoa_
0000:3579*     ltoa_
Module: /usr/watcom/lib286/dos/clibm.lib(heapen.c)
0000:359a*     _heapenable_
05da:0eb8      ___heap_enabled
Module: /usr/watcom/lib286/dos/clibm.lib(sbrk.c)
0000:35a6*     sbrk_
0000:35aa      __brk_
Module: /usr/watcom/lib286/dos/clibm.lib(intr.c)
0000:3600      intr_
Module: /usr/watcom/lib286/dos/clibm.lib(segread.c)
0000:3614      segread_
Module: /usr/watcom/lib286/dos/clibm.lib(fclose.c)
0000:362c+     __doclose_
0000:36b5      __shutdown_stream_
0000:36c9*     fclose_
05da:100c+     ___RmTmpFileFn
Module: /usr/watcom/lib286/dos/clibm.lib(freefp.c)
0000:36ec      __freefp_
0000:3719      __purgefp_
Module: /usr/watcom/lib286/dos/clibm.lib(chktty.c)
0000:373f      __chktty_
Module: /usr/watcom/lib286/dos/clibm.lib(qwrit.c)
0000:3766      __qwrite_
Module: /usr/watcom/lib286/dos/clibm.lib(fsync.c)
0000:37c2      fsync_
Module: /usr/watcom/lib286/dos/clibm.lib(alphabet.c)
05da:0bda      ___Alphabet
Module: /usr/watcom/lib286/dos/clibm.lib(mbinit.c)
0000:37fb      __mbinit_
05da:0eba+     ___MBCodePage
Module: /usr/watcom/lib286/dos/clibm.lib(dointr)
0000:38cc      _DoINTR_
Module: /usr/watcom/lib286/dos/clibm.lib(_clse.c)
0000:3c45      __close_
Module: /usr/watcom/lib286/dos/clibm.lib(filedos.c)
0000:3c78*     _dos_close_
0000:3c86      _dos_commit_
Module: /usr/watcom/lib286/dos/clibm.lib(doserror)
0000:3c96      __doserror_


                        +--------------------+
                        |   Libraries Used   |
                        +--------------------+

../../hw/dos/dos86m/dos.lib
../../hw/cpu/dos86m/cpu.lib
../../windows/ntvdm/dos86m/ntvdmlib.lib
/usr/watcom/lib286/dos/clibm.lib


                        +-----------------------+
                        |   Linker Statistics   |
                        +-----------------------+

Stack size:  0800 (2048.)
Memory size:  75b0 (30128.)
Entry point address: 0000:167e
Link time: 00:00.01
