Open Watcom Linker Version 1.9
Portions Copyright (c) 1985-2002 Sybase, Inc. All Rights Reserved.
Created on:       14/05/11 19:26:48
Executable Image: dos86c/test.exe
creating a DOS executable


                        +------------+
                        |   Groups   |
                        +------------+

Group                           Address              Size
=====                           =======              ====

DGROUP                          054a:0000            00001450



                        +--------------+
                        |   Segments   |
                        +--------------+

Segment                Class          Group          Address         Size
=======                =====          =====          =======         ====

BEGTEXT                CODE           AUTO           0000:0000       00000007
_TEXT                  CODE           AUTO           0000:0010       00004d0a
text                   CODE           AUTO           0000:4d1a       00000777
FAR_DATA               FAR_DATA       AUTO           0549:0001       00000000
_NULL                  BEGDATA        DGROUP         054a:0000       00000020
_AFTERNULL             BEGDATA        DGROUP         054c:0000       00000002
CONST                  DATA           DGROUP         054c:0002       00000798
CONST2                 DATA           DGROUP         05c5:000a       00000000
_DATA                  DATA           DGROUP         05c6:0000       0000034a
XIB                    DATA           DGROUP         05fa:000a       00000000
XI                     DATA           DGROUP         05fa:000a       00000012
XIE                    DATA           DGROUP         05fb:000c       00000000
YIB                    DATA           DGROUP         05fb:000c       00000000
YI                     DATA           DGROUP         05fb:000c       00000006
YIE                    DATA           DGROUP         05fc:0002       00000000
STRINGS                DATA           DGROUP         05fc:0002       00000000
DATA                   DATA           DGROUP         05fc:0002       00000000
_BSS                   BSS            DGROUP         05fc:0002       00000124
STACK                  STACK          DGROUP         060f:0000       00000800


                        +----------------+
                        |   Memory Map   |
                        +----------------+

* = unreferenced symbol
+ = symbol only referenced locally

Address        Symbol
=======        ======

Module: dos86c/test.obj(/usr/src/doslib/hw/dos/test.c)
0000:0010      main_
Module: ../../hw/dos/dos86c/dos.lib(/usr/src/doslib/hw/dos/dos.c)
054a:07c0*     _megaem_info
054a:07c6+     _lib_dos_option
054a:07c8+     _dos_LOL
054a:07cc      _dos_flavor
054a:07ce      _dos_version
054a:07d0      _freedos_kernel_version
054a:07d4      _dos_version_method
054a:07d8      _windows_version_method
054a:07dc+     _ntvdm_dosntast_tried
054a:07de      _ntvdm_dosntast_handle
054a:07e0      _freedos_kernel_version_str
054a:07e4      _windows_emulation_comment_str
054a:07e8      _windows_emulation
054a:07ea      _windows_version
054a:07ec      _windows_mode
054a:07ed+     _windows_init
054a:07ee+     _vcpi_probed
054a:07ef+     _vcpi_present
054a:07f0      _windows_mode_strs
054a:0808+     _dpmi_flags
054a:080a+     _dpmi_version
054a:080c+     _dpmi_init
054a:0810      _dpmi_entry_point
054a:0814      _dpmi_present
054a:0815+     _dpmi_processor_type
054a:0816+     _dpmi_private_data_length_paragraphs
054a:0818      _dpmi_private_data_segment
054a:081a      _dpmi_entered
054a:0820      _dpmi_rm_entry
054a:0828      _dpmi_pm_entry
0000:03a0*     _dos_xread_
0000:03e4*     _dos_xwrite_
0000:0428      probe_dpmi_
0000:04dc      probe_dos_
0000:05de      detect_windows_
0000:0820*     dos_list_of_lists_
0000:0858*     dos_mcb_get_psp_
0000:0876+     mcb_name_is_junk_
0000:08a2+     dos_mcb_first_segment_
0000:08c0*     mcb_filter_name_
0000:0976+     dos_mcb_next_
0000:0a2a*     dos_mcb_first_
0000:0a6c*     dos_parse_psp_
0000:0ade+     dos_device_next_
0000:0bb2*     dos_device_first_
0000:0c56*     dos_linear_to_phys_vcpi_
0000:0cb2      probe_vcpi_
0000:0d34*     dpmi_getexhandler_
0000:0d6e*     dpmi_setexhandler_
0000:0daa+     dpmi_private_alloc_
0000:0e08      dpmi_enter_
0000:0eac*     gravis_mega_em_detect_
0000:0f2a*     gravis_sbos_detect_
0000:0f8c*     gravis_ultramid_detect_
0000:0fee*     dos_close_awareness_cancel_
0000:1002*     dos_close_awareness_ack_
0000:1016*     dos_close_awareness_enable_
0000:1056*     dos_close_awareness_query_
0000:108c*     dos_close_awareness_available_
0000:10a0*     dos_vm_yield_
0000:10b2      detect_virtualbox_emu_
0000:11ea*     dpmi_lin2fmemcpy_
0000:1258*     dpmi_lin2fmemcpy_init_
0000:1276      windows_emulation_str_
0000:1290+     ntvdm_dosntast_detect_
0000:12f2+     ntvdm_dosntast_load_vdd_
0000:1416      ntvdm_dosntast_waveOutGetNumDevs_
0000:143a      ntvdm_dosntast_waveOutGetDevCaps_
0000:14a4      ntvdm_dosntast_MessageBox_
0000:14f8+     ntvdm_dosntast_init_
0000:15b6*     ntvdm_dosntast_unload_
0000:15f4      ntvdm_dosntast_GetTickCount_
0000:1640      ntvdm_dosntast_getversionex_
0000:16a0      dos_flavor_str_
054a:0845      _virtualbox_version_str
054a:0886      _ntvdm_dosntast_io_base
054a:0b22      _dpmi_pm_es
054a:0b24      _dpmi_pm_ds
054a:0b26      _dpmi_pm_cs
054a:0b28      _dpmi_pm_ss
054a:0b2a      _vcpi_minor_version
054a:0b2b      _vcpi_major_version
Module: /usr/watcom/lib286/dos/clibc.lib(printf.c)
0000:16c4      printf_
Module: ../../hw/dos/dos86c/dos.lib(/usr/src/doslib/hw/dos/dosbox.c)
0000:1700      detect_dosbox_emu_
Module: /usr/watcom/lib286/dos/clibc.lib(cstart)
0000:0003*     ___begtext
054a:0000*     __nullarea
0000:17ae      _cstart_
0000:1883*     _Not_Enough_Memory_
0000:19ae      __exit_
0000:19cd      __do_exit_with_msg__
0000:1a10      __GETDS
Module: /usr/watcom/lib286/dos/clibc.lib(cmodel)
0000:1a1a      _small_code_
0000:1a1a*     CodeModelMismatch
Module: /usr/watcom/lib286/dos/clibc.lib(intx086.c)
0000:1a1a+     int86x_
0000:1ab1      int86_
Module: ../../hw/cpu/dos86c/cpu.lib(/usr/src/doslib/hw/cpu/cpu.c)
054a:08a0+     _cpu_sse_usable
054a:08a1+     _cpu_sse_usable_probed
054a:08a2+     _cpu_sse_usable_can_turn_on
054a:08a3+     _cpu_sse_usable_can_turn_off
054a:08a4+     _cpu_sse_unusable_reason
054a:08a8+     _cpu_sse_usable_detection_method
054a:08ac+     _cpu_cpuid_ext_info
054a:08b0      _cpu_cpuid_vendor
054a:08bd      _cpu_serial
054a:08cd      _cpu_cpuid_features
054a:08dd      _cpu_basic_level
054a:08e0      _cpu_cpuid_max
054a:08e4      _cpu_flags
054a:08e6      _cpu_tmp1
054a:08e8*     _cpu_basic_level_str
0000:1af6+     cpu_extended_cpuid_info_free_
0000:1b18*     cpu_extended_cpuid_probe_
0000:1e92      cpu_probe_
0000:1ea0*     cpu_check_sse_is_usable_
0000:2050*     cpu_sse_disable_
0000:20d4*     cpu_sse_enable_
Module: ../../hw/dos/dos86c/dos.lib(dosasm.asm)
0000:4d2f      _dpmi_enter_core
0000:4f00      _dpmi_lin2fmemcpy_32
0000:5020      _dpmi_lin2fmemcpy_16
Module: ../../windows/ntvdm/dos86c/ntvdmlib.lib(/usr/src/doslib/windows/ntvdm/ntvdmlib.c)
0000:2160*     i_am_ntvdm_client_
0000:21a0*     ntvdm_RM_ERR_str_
0000:21d2      ntvdm_UnregisterModule_
0000:21ee      ntvdm_RegisterModule_
Module: /usr/watcom/lib286/dos/clibc.lib(iob.c)
054a:0916      ___iob
054a:0a7e*     __fmode
054a:0b2c      ___OpenStreams
054a:0b30      ___ClosedStreams
Module: /usr/watcom/lib286/dos/clibc.lib(fprtf.c)
0000:2373      __fprtf_
Module: /usr/watcom/lib286/dos/clibc.lib(xmsg.c)
0000:2434*     __exit_with_msg_
0000:2437      __fatal_runtime_error_
Module: /usr/watcom/lib286/dos/clibc.lib(cmain086.c)
0000:2451      __CMain
Module: /usr/watcom/lib286/dos/clibc.lib(initrtns.c)
0000:24ad*     __FInitRtns
0000:24b1      __InitRtns
0000:250c*     __FFiniRtns
0000:2510      __FiniRtns
Module: /usr/watcom/lib286/dos/clibc.lib(crwdata)
054a:0a80      __curbrk
054a:0a88      __STACKLOW
054a:0a8a      __STACKTOP
054a:0a8c      __cbyte
054a:0a8e      __child
054a:0a90      __no87
054a:0a9e      ___FPE_handler
054a:0a82      __psp
054a:0a92      __get_ovl_stack
054a:0a96      __restore_ovl_stack
054a:0a9a      __close_ovl_file
054a:0aa2      __LpCmdLine
054a:0aa6      __LpPgmName
054a:0a84      __osmajor
054a:0a85      __osminor
054a:0a86      __osmode
054a:0a87      __HShift
Module: /usr/watcom/lib286/dos/clibc.lib(uselfn.c)
054a:0aaa      ___uselfn
Module: /usr/watcom/lib286/dos/clibc.lib(dosseg)
0000:2574      __DOSseg__
Module: /usr/watcom/lib286/dos/clibc.lib(intr.c)
0000:2575      intr_
Module: /usr/watcom/lib286/dos/clibc.lib(segread.c)
0000:2587      segread_
Module: /usr/watcom/lib286/dos/clibc.lib(ffree.c)
0000:25a7      _ffree_
0000:25a7      free_
Module: /usr/watcom/lib286/dos/clibc.lib(fmalloc.c)
0000:25e9      _fmalloc_
0000:25e9      malloc_
054a:0aac+     ___fheap
054a:0aae      ___fheapRover
054a:0ab0      ___LargestSizeB4Rover
Module: ../../hw/cpu/dos86c/cpu.lib(cpuasm.asm)
0000:5146      cpu_basic_probe_
0000:5250*     _inpd
0000:5261*     _outpd
0000:526f*     cpu_disable_serial_
0000:528c*     cpu_ask_serial_
0000:52c8*     reset_8086_entry_
0000:52ce*     bios_reset_cb_e_
0000:52fc*     cpu_rdtsc_
0000:5312*     cpu_rdtsc_write_
0000:533c      cpu_cpuid_
0000:5374      _cpu_dpmi_win9x_sse_test
Module: /usr/watcom/lib286/dos/clibc.lib(d_getvec.c)
0000:26ec      _dos_getvect_
Module: /usr/watcom/lib286/dos/clibc.lib(d_setvec.c)
0000:26f7      _dos_setvect_
Module: /usr/watcom/lib286/dos/clibc.lib(initfile.c)
0000:2704      __InitFiles_
Module: /usr/watcom/lib286/dos/clibc.lib(ioexit.c)
0000:284a*     fcloseall_
0000:284f      __full_io_exit_
Module: /usr/watcom/lib286/dos/clibc.lib(fputc.c)
0000:2857      fputc_
Module: /usr/watcom/lib286/dos/clibc.lib(ioalloc.c)
0000:291f      __ioalloc_
Module: /usr/watcom/lib286/dos/clibc.lib(prtf.c)
0000:29b5      __prtf_
Module: /usr/watcom/lib286/dos/clibc.lib(flush.c)
0000:376f      __flush_
Module: /usr/watcom/lib286/dos/clibc.lib(enterdb.c)
0000:389a      __EnterWVIDEO_
054a:0ab2+     ___WD_Present
Module: /usr/watcom/lib286/dos/clibc.lib(___argc.c)
054a:0b34      ____Argv
054a:0b38      ____Argc
Module: /usr/watcom/lib286/dos/clibc.lib(amblksiz.c)
054a:0ab4      __amblksiz
Module: /usr/watcom/lib286/dos/clibc.lib(exit.c)
0000:38be+     __null_int23_exit_
0000:38bf      exit_
0000:38ec*     _exit_
054a:0ab6+     ___int23_exit
054a:0ab8+     ___FPE_handler_exit
Module: /usr/watcom/lib286/dos/clibc.lib(sgdef086)
054a:0b0a      __Start_XI
054a:0b1c      __End_XI
054a:0b1c      __Start_YI
054a:0b22      __End_YI
Module: /usr/watcom/lib286/dos/clibc.lib(dointr)
0000:3906      _DoINTR_
Module: /usr/watcom/lib286/dos/clibc.lib(nmalloc.c)
0000:3c7f      _nmalloc_
054a:0aba      ___nheapbeg
054a:0abc      ___MiniHeapRover
054a:0abe      ___LargestSizeB4MiniHeapRover
Module: /usr/watcom/lib286/dos/clibc.lib(mem.c)
0000:3d50      __MemAllocator
0000:3e1a      __MemFree
Module: /usr/watcom/lib286/dos/clibc.lib(nfree.c)
0000:3f77      _nfree_
054a:0b3a+     ___MiniHeapFreeRover
Module: /usr/watcom/lib286/dos/clibc.lib(hpgrw086.c)
0000:406f      __CMain_nheapgrow_
Module: /usr/watcom/lib286/dos/clibc.lib(growseg.c)
0000:4072      __GrowSeg_
Module: /usr/watcom/lib286/dos/clibc.lib(allocseg.c)
0000:4164      __AllocSeg_
Module: /usr/watcom/lib286/dos/clibc.lib(fmemneed.c)
0000:41fb      __fmemneed_
Module: /usr/watcom/lib286/dos/clibc.lib(fclose.c)
0000:41fe+     __doclose_
0000:42a7      __shutdown_stream_
0000:42be*     fclose_
054a:0b3c+     ___RmTmpFileFn
Module: /usr/watcom/lib286/dos/clibc.lib(freefp.c)
0000:4308      __freefp_
0000:4383      __purgefp_
Module: /usr/watcom/lib286/dos/clibc.lib(seterrno.c)
0000:43c2      __set_errno_
0000:43d4*     __set_EDOM_
0000:43e4*     __set_ERANGE_
0000:43f4*     __set_EINVAL_
0000:4407      __set_doserrno_
Module: /usr/watcom/lib286/dos/clibc.lib(chktty.c)
0000:4411      __chktty_
Module: /usr/watcom/lib286/dos/clibc.lib(wctomb.c)
0000:443a      wctomb_
Module: /usr/watcom/lib286/dos/clibc.lib(itoa.c)
0000:4463+     utoa_
0000:44c0      itoa_
Module: /usr/watcom/lib286/dos/clibc.lib(i4m)
0000:44e4*     __I4M
0000:44e4      __U4M
Module: /usr/watcom/lib286/dos/clibc.lib(strupr.c)
0000:44fc      strupr_
Module: /usr/watcom/lib286/dos/clibc.lib(noefgfmt.c)
054a:0ac0      ___EFG_printf
054a:0ac2*     ___EFG_scanf
Module: /usr/watcom/lib286/dos/clibc.lib(mbisdbcs.c)
054a:0b3e      ___IsDBCS
Module: /usr/watcom/lib286/dos/clibc.lib(mbislead.c)
0000:452f*     _ismbblead_
054a:0b40      ___MBCSIsTable
Module: /usr/watcom/lib286/dos/clibc.lib(lltoa.c)
0000:4549      ulltoa_
0000:462e*     lltoa_
Module: /usr/watcom/lib286/dos/clibc.lib(ltoa.c)
0000:468f      ultoa_
0000:46fe*     ltoa_
Module: /usr/watcom/lib286/dos/clibc.lib(__lseek.c)
0000:472c      __lseek_
Module: /usr/watcom/lib286/dos/clibc.lib(qwrit.c)
0000:4764      __qwrite_
Module: /usr/watcom/lib286/dos/clibc.lib(fsync.c)
0000:47bb      fsync_
Module: /usr/watcom/lib286/dos/clibc.lib(nmemneed.c)
0000:47be      __nmemneed_
Module: /usr/watcom/lib286/dos/clibc.lib(grownear.c)
0000:4846      __LastFree_
0000:48bf      __ExpandDGROUP_
Module: /usr/watcom/lib286/dos/clibc.lib(heapgrow.c)
0000:49cc*     _heapgrow_
0000:49cc*     _fheapgrow_
0000:49cd      _nheapgrow_
Module: /usr/watcom/lib286/dos/clibc.lib(heapen.c)
0000:4a41*     _heapenable_
054a:0ac4      ___heap_enabled
Module: /usr/watcom/lib286/dos/clibc.lib(_clse.c)
0000:4a52      __close_
Module: /usr/watcom/lib286/dos/clibc.lib(errno.c)
0000:4a81      __get_errno_ptr_
0000:4a88      __get_doserrno_ptr_
054a:0c42+     _errno
054a:0c44+     __doserrno
Module: /usr/watcom/lib286/dos/clibc.lib(isatt.c)
0000:4a8f      isatty_
Module: /usr/watcom/lib286/dos/clibc.lib(alphabet.c)
054a:0794      ___Alphabet
Module: /usr/watcom/lib286/dos/clibc.lib(mbinit.c)
0000:4ae9      __mbinit_
054a:0ac6+     ___MBCodePage
Module: /usr/watcom/lib286/dos/clibc.lib(dosret.c)
0000:4bc4*     _dosretax_
0000:4bc9*     _dosret0_
0000:4bd0      __set_errno_dos_
0000:4c2a*     __set_errno_dos_reterr_
Module: /usr/watcom/lib286/dos/clibc.lib(iomode.c)
0000:4c34      __GetIOMode_
0000:4c59      __SetIOMode_nogrow_
054a:0adc+     ___NFiles
054a:0ade+     ___init_mode
054a:0b06+     ___io_mode
Module: /usr/watcom/lib286/dos/clibc.lib(filedos.c)
0000:4c7c*     _dos_close_
0000:4c88      _dos_commit_
Module: /usr/watcom/lib286/dos/clibc.lib(sbrk.c)
0000:4c96*     sbrk_
0000:4ca5      __brk_
Module: /usr/watcom/lib286/dos/clibc.lib(doserror)
0000:4d0e      __doserror_


                        +--------------------+
                        |   Libraries Used   |
                        +--------------------+

../../hw/dos/dos86c/dos.lib
../../hw/cpu/dos86c/cpu.lib
../../windows/ntvdm/dos86c/ntvdmlib.lib
/usr/watcom/lib286/dos/clibc.lib


                        +-----------------------+
                        |   Linker Statistics   |
                        +-----------------------+

Stack size:  0800 (2048.)
Memory size:  68f0 (26864.)
Entry point address: 0000:17ae
Link time: 00:00.00
