Open Watcom Linker Version 1.9
Portions Copyright (c) 1985-2002 Sybase, Inc. All Rights Reserved.
Created on:       14/05/11 21:49:54
Executable Image: os2w2l/cr3.exe
creating an OS/2 16-bit executable


                        +------------+
                        |   Groups   |
                        +------------+

Group                           Address              Size
=====                           =======              ====

DGROUP                          0002:0000            00001710



                        +--------------+
                        |   Segments   |
                        +--------------+

Segment                Class          Group          Address         Size
=======                =====          =====          =======         ====

cr3_TEXT               CODE           AUTO           0001:0000       00000048
_TEXT                  CODE           AUTO           0001:0050       000027ba
dos_TEXT               CODE           AUTO           0001:2810       00000846
cpu_TEXT               CODE           AUTO           0001:3060       00000568
text                   CODE           AUTO           0001:35c8       00000778
_NULL                  BEGDATA        DGROUP         0002:0000       00000020
_AFTERNULL             BEGDATA        DGROUP         0002:0020       00000002
CONST                  DATA           DGROUP         0002:0022       000001ae
CONST2                 DATA           DGROUP         0002:01d0       00000000
_DATA                  DATA           DGROUP         0002:01d0       000003e2
XIB                    DATA           DGROUP         0002:05b2       00000000
XI                     DATA           DGROUP         0002:05b2       0000000c
XIE                    DATA           DGROUP         0002:05be       00000000
YIB                    DATA           DGROUP         0002:05be       00000000
YI                     DATA           DGROUP         0002:05be       00000006
YIE                    DATA           DGROUP         0002:05c4       00000000
STRINGS                DATA           DGROUP         0002:05c4       00000000
_BSS                   BSS            DGROUP         0002:05c4       00000146
STACK                  STACK          DGROUP         0002:0710       00001000


                        +----------------+
                        |   Memory Map   |
                        +----------------+

* = unreferenced symbol
+ = symbol only referenced locally

Address        Symbol
=======        ======

Module: os2w2l/cr3.obj(/usr/src/doslib/hw/dos/cr3.c)
0001:0000      main_
Module: /usr/watcom/lib286/os2/clibl.lib(cstart)
0002:0000*     __nullarea
0001:0050      _cstart_
0001:0050*     __DLLstart_
Module: ../../hw/dos/os2w2l/dos.lib(/usr/src/doslib/hw/dos/dos.c)
0002:01d0*     _megaem_info
0002:01d6*     _lib_dos_option
0002:01d8+     _dos_LOL
0002:01dc*     _dos_flavor
0002:01de+     _dos_version
0002:01e0*     _freedos_kernel_version
0002:01e4+     _dos_version_method
0002:01e8+     _windows_version_method
0002:01ec*     _freedos_kernel_version_str
0002:01f0*     _windows_emulation_comment_str
0002:01f4*     _windows_emulation
0002:01f6+     _windows_version
0002:01f8+     _windows_mode
0002:01f9+     _windows_init
0002:01fa+     _vcpi_probed
0002:01fb+     _vcpi_present
0002:01fc*     _windows_mode_strs
0002:0214+     _dpmi_flags
0002:0216*     _dpmi_version
0002:0218*     _dpmi_init
0002:021c      _dpmi_entry_point
0001:2810*     _dos_xread_
0001:2856*     _dos_xwrite_
0001:289a*     probe_dpmi_
0001:289c      probe_dos_
0001:28f4*     detect_windows_
0001:292a*     dos_list_of_lists_
0001:2968*     dos_mcb_get_psp_
0001:2986+     mcb_name_is_junk_
0001:29b2+     dos_mcb_first_segment_
0001:29d6*     mcb_filter_name_
0001:2a8a+     dos_mcb_next_
0001:2b36*     dos_mcb_first_
0001:2b84*     dos_parse_psp_
0001:2bf6+     dos_device_next_
0001:2cce*     dos_device_first_
0001:2d86*     dos_linear_to_phys_vcpi_
0001:2de4*     probe_vcpi_
0001:2e72*     dpmi_getexhandler_
0001:2eae*     dpmi_setexhandler_
0001:2eec+     dpmi_private_alloc_
0001:2f4c*     dpmi_enter_
0001:3016*     detect_virtualbox_emu_
0001:301a*     windows_emulation_str_
0001:3034*     dos_flavor_str_
0002:0220+     _dpmi_present
0002:0221*     _dpmi_processor_type
0002:0222+     _dpmi_private_data_length_paragraphs
0002:0224      _dpmi_private_data_segment
0002:0226      _dpmi_entered
0002:0228      _dpmi_rm_entry
0002:0230      _dpmi_pm_entry
0002:0234*     _virtualbox_version_str
0002:05c4      _dpmi_pm_es
0002:05c6      _dpmi_pm_ds
0002:05c8      _dpmi_pm_cs
0002:05ca      _dpmi_pm_ss
0002:05cc+     _vcpi_minor_version
0002:05cd+     _vcpi_major_version
Module: /usr/watcom/lib286/os2/clibl.lib(printf.c)
0001:00cb      printf_
Module: /usr/watcom/lib286/os2/clibl.lib(cmodel)
0001:00f8      _big_code_
0001:00f8*     CodeModelMismatch
Module: /usr/watcom/lib286/os2/clibl.lib(maino16.c)
0001:00f8+     __null_FPE_handler_
0001:00f9      __OS2Main
0001:01d6      __exit_
0002:0274*     ___FPE_handler
0002:05ce+     __LpCmdLine
0002:05d2+     __LpPgmName
0002:05d6+     __threadid
0002:05da+     __nothread
0002:05dc*     __cbyte2
0002:05de      __STACKTOP
0002:05e0*     __cbyte
0002:05e2+     __dynend
0002:05e4      __curbrk
0002:05e6+     __STACKLOW
0002:05e8+     __HShift
0002:05ea+     __osmajor
0002:05eb+     __osminor
0002:05ec      __osmode
Module: /usr/watcom/lib286/os2/clibl.lib(dosseg)
0001:01f2      __DOSseg__
Module: ../../hw/cpu/os2w2l/cpu.lib(/usr/src/doslib/hw/cpu/cpu.c)
0002:0280+     _cpu_sse_usable
0002:0281+     _cpu_sse_usable_probed
0002:0282+     _cpu_sse_usable_can_turn_on
0002:0283+     _cpu_sse_usable_can_turn_off
0002:0284+     _cpu_sse_unusable_reason
0002:0288+     _cpu_sse_usable_detection_method
0002:028c+     _cpu_cpuid_ext_info
0001:3060+     cpu_extended_cpuid_info_free_
0001:3096*     cpu_extended_cpuid_probe_
0001:34c6+     cpu_probe_
0001:34ec*     cpu_check_sse_is_usable_
0001:3588*     cpu_sse_disable_
0001:35a8*     cpu_sse_enable_
0002:0290      _cpu_cpuid_vendor
0002:029d      _cpu_serial
0002:02ad      _cpu_cpuid_features
0002:02bd      _cpu_basic_level
0002:02c0      _cpu_cpuid_max
0002:02c4      _cpu_flags
0002:02c6      _cpu_tmp1
0002:02c8*     _cpu_basic_level_str
Module: ../../hw/dos/os2w2l/dos.lib(dosasm.asm)
0001:35dd      _dpmi_enter_core
0001:37ae*     _dpmi_lin2fmemcpy_32
0001:38ce*     _dpmi_lin2fmemcpy_16
Module: /usr/watcom/lib286/os2/clibl.lib(iob.c)
0002:02f4      ___iob
0002:045c*     __fmode
0002:05ee      ___OpenStreams
0002:05f2      ___ClosedStreams
Module: /usr/watcom/lib286/os2/clibl.lib(fprtf.c)
0001:020d      __fprtf_
Module: /usr/watcom/lib286/os2/clibl.lib(gtpidos2.c)
0001:02d4      getpid_
Module: /usr/watcom/lib286/os2/clibl.lib(initrtns.c)
0001:0327      __InitRtns
0001:0327*     __FInitRtns
0001:0380      __FiniRtns
0001:0380*     __FFiniRtns
Module: /usr/watcom/lib286/os2/clibl.lib(cmain086.c)
0001:03e2      __CMain
Module: /usr/watcom/lib286/os2/clibl.lib(ffree.c)
0001:040d*     _ffree_
0001:040d      free_
Module: /usr/watcom/lib286/os2/clibl.lib(fmalloc.c)
0001:0453*     _fmalloc_
0001:0453      malloc_
0002:045e+     ___fheap
0002:0460      ___fheapRover
0002:0462      ___LargestSizeB4Rover
Module: ../../hw/cpu/os2w2l/cpu.lib(cpuasm.asm)
0001:39f4      cpu_basic_probe_
0001:3aff*     _inpd
0001:3b10*     _outpd
0001:3b1e*     cpu_disable_serial_
0001:3b3b*     cpu_ask_serial_
0001:3b77*     reset_8086_entry_
0001:3b7d*     bios_reset_cb_e_
0001:3bab*     cpu_rdtsc_
0001:3bc1*     cpu_rdtsc_write_
0001:3beb      cpu_cpuid_
0001:3c23*     _cpu_dpmi_win9x_sse_test
Module: /usr/watcom/lib286/os2/clibl.lib(initfile.c)
0001:055e      __InitFiles_
Module: /usr/watcom/lib286/os2/clibl.lib(ioexit.c)
0001:06a7*     fcloseall_
0001:06ae      __full_io_exit_
Module: /usr/watcom/lib286/os2/clibl.lib(fputc.c)
0001:06b8      fputc_
Module: /usr/watcom/lib286/os2/clibl.lib(ioalloc.c)
0001:0786      __ioalloc_
Module: /usr/watcom/lib286/os2/clibl.lib(prtf.c)
0001:0820      __prtf_
Module: /usr/watcom/lib286/os2/clibl.lib(flush.c)
0001:15d3      __flush_
Module: /usr/watcom/lib286/os2/clibl.lib(_getds)
0001:1704      __GETDS
Module: /usr/watcom/lib286/os2/clibl.lib(sgdef086)
0002:05b2      __Start_XI
0002:05be      __End_XI
0002:05be      __Start_YI
0002:05c4      __End_YI
Module: /usr/watcom/lib286/os2/clibl.lib(___argc.c)
0002:05f6      ____Argv
0002:05fa      ____Argc
Module: /usr/watcom/lib286/os2/clibl.lib(amblksiz.c)
0002:0464      __amblksiz
Module: /usr/watcom/lib286/os2/clibl.lib(exit.c)
0001:170c+     __null_int23_exit_
0001:170d      exit_
0001:173e*     _exit_
0002:0466+     ___int23_exit
0002:046a+     ___FPE_handler_exit
Module: /usr/watcom/lib286/os2/clibl.lib(nmalloc.c)
0001:1757      _nmalloc_
0002:046e      ___nheapbeg
0002:0470      ___MiniHeapRover
0002:0472      ___LargestSizeB4MiniHeapRover
Module: /usr/watcom/lib286/os2/clibl.lib(mem.c)
0001:1830      __MemAllocator
0001:18f6      __MemFree
Module: /usr/watcom/lib286/os2/clibl.lib(nfree.c)
0001:1a4f      _nfree_
0002:05fc+     ___MiniHeapFreeRover
Module: /usr/watcom/lib286/os2/clibl.lib(growseg.c)
0001:1b4a      __GrowSeg_
Module: /usr/watcom/lib286/os2/clibl.lib(allocseg.c)
0001:1c51      __AllocSeg_
Module: /usr/watcom/lib286/os2/clibl.lib(fmemneed.c)
0001:1cf8      __fmemneed_
Module: /usr/watcom/lib286/os2/clibl.lib(xmsgo16.c)
0001:1cfb+     __exit_with_msg_
0001:1d43      __fatal_runtime_error_
Module: /usr/watcom/lib286/os2/clibl.lib(fclose.c)
0001:1d60+     __doclose_
0001:1e0f      __shutdown_stream_
0001:1e29*     fclose_
0002:05fe+     ___RmTmpFileFn
Module: /usr/watcom/lib286/os2/clibl.lib(freefp.c)
0001:1e74      __freefp_
0001:1eed      __purgefp_
Module: /usr/watcom/lib286/os2/clibl.lib(seterrno.c)
0001:1f2e      __set_errno_
0001:1f42*     __set_EDOM_
0001:1f54*     __set_ERANGE_
0001:1f66*     __set_EINVAL_
0001:1f7b      __set_doserrno_
Module: /usr/watcom/lib286/os2/clibl.lib(chktty.c)
0001:1f87      __chktty_
Module: /usr/watcom/lib286/os2/clibl.lib(wctomb.c)
0001:1fb2      wctomb_
Module: /usr/watcom/lib286/os2/clibl.lib(itoa.c)
0001:1fe2+     utoa_
0001:203d      itoa_
Module: /usr/watcom/lib286/os2/clibl.lib(i4m)
0001:2062*     __I4M
0001:2062      __U4M
Module: /usr/watcom/lib286/os2/clibl.lib(strupr.c)
0001:207a      strupr_
Module: /usr/watcom/lib286/os2/clibl.lib(noefgfmt.c)
0002:0474      ___EFG_printf
0002:0478*     ___EFG_scanf
Module: /usr/watcom/lib286/os2/clibl.lib(mbisdbcs.c)
0002:0602      ___IsDBCS
Module: /usr/watcom/lib286/os2/clibl.lib(mbislead.c)
0001:20af*     _ismbblead_
0002:0604      ___MBCSIsTable
Module: /usr/watcom/lib286/os2/clibl.lib(lltoa.c)
0001:20cb      ulltoa_
0001:21ae*     lltoa_
Module: /usr/watcom/lib286/os2/clibl.lib(ltoa.c)
0001:2210      ultoa_
0001:227d*     ltoa_
Module: /usr/watcom/lib286/os2/clibl.lib(__lseek.c)
0001:22ad      __lseek_
Module: /usr/watcom/lib286/os2/clibl.lib(qwrit.c)
0001:22d5      __qwrite_
Module: /usr/watcom/lib286/os2/clibl.lib(fsync.c)
0001:2336      fsync_
Module: /usr/watcom/lib286/os2/clibl.lib(nmemneed.c)
0001:235a      __nmemneed_
Module: /usr/watcom/lib286/os2/clibl.lib(grownear.c)
0001:23e2+     __LastFree_
0001:245c      __ExpandDGROUP_
Module: /usr/watcom/lib286/os2/clibl.lib(heapen.c)
0001:256b*     _heapenable_
0002:047c      ___heap_enabled
Module: /usr/watcom/lib286/os2/clibl.lib(enterdb.c)
0001:257c      __EnterWVIDEO_
0002:047e+     ___WD_Present
Module: /usr/watcom/lib286/os2/clibl.lib(_clseos2.c)
0001:25a0      __close_
Module: /usr/watcom/lib286/os2/clibl.lib(errno.c)
0001:25cd      __get_errno_ptr_
0001:25d4      __get_doserrno_ptr_
0002:0706+     _errno
0002:0708+     __doserrno
Module: /usr/watcom/lib286/os2/clibl.lib(isattos2.c)
0001:25db      isatty_
Module: /usr/watcom/lib286/os2/clibl.lib(alphabet.c)
0002:01aa      ___Alphabet
Module: /usr/watcom/lib286/os2/clibl.lib(mbinit.c)
0001:2646      __mbinit_
0002:0480+     ___MBCodePage
Module: /usr/watcom/lib286/os2/clibl.lib(dosret.c)
0001:2725*     _dosretax_
0001:272a*     _dosret0_
0001:2731      __set_errno_dos_
0001:2756*     __set_errno_dos_reterr_
Module: /usr/watcom/lib286/os2/clibl.lib(iomode.c)
0001:2761      __GetIOMode_
0001:2786      __SetIOMode_nogrow_
0002:0584+     ___NFiles
0002:0586+     ___init_mode
0002:05ae+     ___io_mode
Module: /usr/watcom/lib286/os2/clibl.lib(sbrk.c)
0001:27a9*     sbrk_
0001:27b9      __brk_


                        +----------------------+
                        |   Imported Symbols   |
                        +----------------------+

Symbol                              Module
======                              ======

DOSGETVERSION                       DOSCALLS
DOSGETHUGESHIFT                     DOSCALLS
DOSGETMACHINEMODE                   DOSCALLS
DOSEXIT                             DOSCALLS
DOSGETPID                           DOSCALLS
DOSREALLOCSEG                       DOSCALLS
DOSALLOCSEG                         DOSCALLS
VIOWRTTTY                           VIOCALLS
DOSCHGFILEPTR                       DOSCALLS
DOSWRITE                            DOSCALLS
DOSBUFRESET                         DOSCALLS
DOSCLOSE                            DOSCALLS
DOSQHANDTYPE                        DOSCALLS
DOSGETDBCSEV                        NLS
DOSGETCP                            DOSCALLS


                        +--------------------+
                        |   Libraries Used   |
                        +--------------------+

/usr/watcom/lib286/os2/os2.lib
../../hw/dos/os2w2l/dos.lib
../../hw/cpu/os2w2l/cpu.lib
/usr/watcom/lib286/os2/clibl.lib


                        +-----------------------+
                        |   Linker Statistics   |
                        +-----------------------+

Stack size:  1000 (4096.)
Memory size:  5450 (21584.)
Entry point address: 0001:0050
Link time: 00:00.00
