Open Watcom Linker Version 1.9
Portions Copyright (c) 1985-2002 Sybase, Inc. All Rights Reserved.
Created on:       14/05/11 19:26:45
Warning! W1080: file ../../hw/cpu/win386/cpu.lib is a 16-bit object file
Executable Image: win386/test.exe
creating a Windows 32-bit executable


                        +------------+
                        |   Groups   |
                        +------------+

Group                           Address              Size
=====                           =======              ====

DGROUP                          00007600             00004650



                        +--------------+
                        |   Segments   |
                        +--------------+

Segment                Class          Group          Address         Size
=======                =====          =====          =======         ====

text                   CODE           AUTO           00000000        00000117
BEGTEXT                CODE           AUTO           00000118        00000006
_TEXT                  CODE           AUTO           00000120        000074e0
CONST                  DATA           DGROUP         00007600        00000934
CONST2                 DATA           DGROUP         00007f34        00000000
_DATA                  DATA           DGROUP         00007f40        00000360
XIB                    DATA           DGROUP         000082a0        00000000
XI                     DATA           DGROUP         000082a0        0000000c
XIE                    DATA           DGROUP         000082ac        00000000
YIB                    DATA           DGROUP         000082ac        00000000
YI                     DATA           DGROUP         000082ac        00000000
YIE                    DATA           DGROUP         000082ac        00000000
DATA                   DATA           DGROUP         000082ac        00000000
_BSS                   BSS            DGROUP         000082ac        0000199c
STACK                  STACK          DGROUP         00009c50        00002000


                        +----------------+
                        |   Memory Map   |
                        +----------------+

* = unreferenced symbol
+ = symbol only referenced locally

Address        Symbol
=======        ======

Module: win386/test.obj(/usr/src/doslib/hw/cpu/test.c)
00000120       WINMAIN
00000144*      cpu_cpuid_ext_cache_tbl_to_str_
00000180+      cpu_cpuid_ext_cache_tbl_l2_to_str_
0000025c+      main_
Module: ../../hw/dos/win386/dos.lib(/usr/src/doslib/hw/dos/winfcon.c)
0000874c+      __win_WindowProc_MPI
00001680*      _win_hwnd_
00001688+      _win_kb_insert_
000016f8+      _win_sigint_
00001740+      _win_sigint_post_
00001750+      _WIN_WINDOWPROC
00001c18+      _win_kbhit_
00001c30+      _win_getch_
00001c6c+      _win_kb_read_
00001c8c+      _win_kb_write_
00001ca4       _win_read_
00001cd0*      _win_write_
00001cfc       _win_isatty_
00001d14+      _win_pump_wait_
00001d74+      _win_pump_
00001df0+      _win_redraw_line_row_
00001ee0+      _win_redraw_line_row_partial_
00001fec+      _win_scrollup_
000020c0*      _win_newline_
000020e4+      _win_update_cursor_
00002128+      _win_putc_
00002188       _win_printf_
00002208*      _gdi_pause_
0000220c       _WIN_MAIN_CON_ENTRY
0000908c+      __win_hInstance
Module: /usr/watcom/lib386/win/clib3r.lib(sprintf.c)
000025d0       sprintf_
Module: ../../hw/cpu/win386/cpu.lib(/usr/src/doslib/hw/cpu/cpu.c)
00007f40+      _cpu_sse_usable
00007f41+      _cpu_sse_usable_probed
00007f42+      _cpu_sse_usable_can_turn_on
00007f43+      _cpu_sse_usable_can_turn_off
00007f44+      _cpu_sse_unusable_reason
00007f48+      _cpu_sse_usable_detection_method
00007f4c       _cpu_cpuid_ext_info
00002610       cpu_extended_cpuid_info_free_
00002628       cpu_extended_cpuid_probe_
00002950       cpu_probe_
0000296c*      cpu_check_sse_is_usable_
000029fc*      cpu_sse_disable_
00002a18*      cpu_sse_enable_
00007f50       _cpu_cpuid_vendor
00007f5d       _cpu_serial
00007f6d       _cpu_cpuid_features
00007f7d       _cpu_basic_level
00007f80       _cpu_cpuid_max
00007f84       _cpu_flags
00007f86       _cpu_tmp1
00007f88       _cpu_basic_level_str
Module: ../../hw/cpu/win386/cpu.lib(cpuasm.asm)
00000000       cpu_basic_probe_
000000d5*      cpu_disable_serial_
000000ea       cpu_ask_serial_
Module: /usr/watcom/lib386/win/clib3r.lib(assert99.c)
00002a90       _assert99_
00002c50*      __assert99_
Module: /usr/watcom/lib386/win/clib3r.lib(cstrtw32.asm)
0000011a*      ___begtext
00007fa4       _LocalPtr
00007fb2*      ___A000
00007fb4*      ___B000
00007fb6*      ___B800
00007fb8*      ___C000
00007fba*      ___D000
00007fbc*      ___E000
00007fbe*      ___F000
00007fc0       __CodeSelectorBaseAddr
00007fc6       __DataSelectorBaseAddr
00007fcc       __32BitCallBackAddr
00007fd2*      __DLLEntryAddr
00007fd8*      __WEPAddr
00007fde       __16BitCallBackAddr
00007fe2*      Invoke16BitFunctionAddr
00007fe8*      __INT21ADDR
00007fee       __WIN16THUNK1ADDR
00007ff4       __WIN16THUNK2ADDR
00007ffa*      __WIN16THUNK3ADDR
00008000*      __WIN16THUNK4ADDR
00008006       __WIN16THUNK5ADDR
0000800c*      __WIN16THUNK6ADDR
00008012*      __Call16Addr
0000803c*      __pid
0000803e*      __wincmdptr
000080d4       ___Is_DLL
00008018*      __LpCmdLine
0000801c*      __LpPgmName
00008020       __STACKLOW
00008024*      __STACKTOP
00008028*      __ASTACKSIZ
0000802c*      __ASTACKPTR
00008030       __curbrk
00008034*      __cbyte
00008038       __osmajor
00008039*      __osminor
0000803a*      __Extender
00007fb0*      __no87
000080d5*      ___FPE_handler
0000803b*      __init_387_emulator
00002c7e*      _cstart_
00002c7e       _wstart_
00002c7e*      _wstart2_
00002c7e*      __DLLstart_
00002dfd       __exit_
00002e48*      __GETDS
00002e51*      __Int21
00002e51       __Int21_
Module: /usr/watcom/lib386/win/win386.lib(win1335)
00002e62       MESSAGEBEEP
Module: /usr/watcom/lib386/win/clib3r.lib(signl.c)
00002e90+      __sigabort_
00002ea0*      raise_
00002ee0       signal_
Module: /usr/watcom/lib386/win/clib3r.lib(setjmp)
00002f34       _setjmp_
00002f63       longjmp_
Module: /usr/watcom/lib386/win/win386.lib(win308)
00002fc8       GETWINDOWWORD
Module: /usr/watcom/lib386/win/clib3r.lib(setwl.c)
00002ff0       _COVER_GETWINDOWLONG
00003070       _COVER_SETWINDOWLONG
000080dc+      _WndProcList
Module: /usr/watcom/lib386/win/win386.lib(win86)
000030f6       DEFWINDOWPROC
Module: ../../hw/dos/win386/dos.lib(/usr/src/doslib/hw/dos/dos.c)
000080e0*      _megaem_info
000080e6*      _lib_dos_option
000080ec+      _dos_LOL
000080f2*      _dos_flavor
000080f4+      _dos_version
000080f8*      _freedos_kernel_version
000080fc+      _dos_version_method
00008100+      _windows_version_method
00008104*      _dpmi_no_0301h
00008108*      _freedos_kernel_version_str
0000810c+      _windows_emulation_comment_str
00008110+      _windows_emulation
00008112+      _windows_version
00008114+      _windows_mode
00008115+      _windows_init
00008116+      _vcpi_probed
00008117+      _vcpi_present
00003130*      dpmi_linear_lock_
00003184*      dpmi_linear_unlock_
000031d8+      dpmi_phys_addr_map_
00003230+      dpmi_phys_addr_free_
0000325c*      dpmi_alloc_dos_
000032e0*      dpmi_free_dos_
00003308*      _dos_xread_
00003350*      _dos_xwrite_
00003398*      probe_dpmi_
0000339c       probe_dos_
00003440*      win32_probe_for_wine_
00003494       detect_windows_
0000359c*      dos_list_of_lists_
000035a0*      dos_mcb_get_psp_
000035c0+      mcb_name_is_junk_
000035f0*      dos_mcb_first_segment_
00003604*      detect_virtualbox_emu_
0000361c*      mcb_filter_name_
000036b4+      dos_mcb_next_
00003760*      dos_mcb_first_
000037a0*      dos_parse_psp_
00003830+      dos_device_next_
00003940*      dos_device_first_
00003a00+      dos_linear_to_phys_vcpi_
00003a3c*      dos_ltp_probe_
00003abc*      dos_linear_to_phys_
00003d94*      dpmi_linear_alloc_
00003df8*      dpmi_linear_free_
00003e3c*      probe_vcpi_
00003e5c*      windows_emulation_str_
00003e78*      dos_flavor_str_
00003e9c*      win386_alt_winnt_MapAliasToFlat_
00003eb0       win386_help_MapAliasToFlat_
00008118*      _windows_mode_strs
00008130+      _dos_ltp_info_init
00008131*      _virtualbox_version_str
00009094+      _dos_ltp_info
000090a4*      _vcpi_minor_version
000090a5*      _vcpi_major_version
Module: /usr/watcom/lib386/win/win386.lib(win271)
00003ec2       GETSYSTEMMETRICS
Module: /usr/watcom/lib386/win/win386.lib(win95)
00003ee4       DESTROYWINDOW
Module: /usr/watcom/lib386/win/win386.lib(win1324)
00003f06       HIDECARET
Module: /usr/watcom/lib386/win/win386.lib(win1305)
00003f26       DESTROYCARET
Module: /usr/watcom/lib386/win/win386.lib(win1341)
00003f40       POSTQUITMESSAGE
Module: /usr/watcom/lib386/win/win386.lib(win368)
00003f60       LOADCURSOR
Module: /usr/watcom/lib386/win/win386.lib(win481)
00003f80       SETCURSOR
Module: /usr/watcom/lib386/win/win386.lib(win1303)
00003fa2       CREATECARET
Module: /usr/watcom/lib386/win/win386.lib(win1354)
00003fce       SETCARETPOS
Module: /usr/watcom/lib386/win/win386.lib(win1366)
00003ff2       SHOWCARET
Module: /usr/watcom/lib386/win/win386.lib(win289)
00004012       GETUPDATERECT
Module: /usr/watcom/lib386/win/win386.lib(win263)
00004032       GETSTOCKOBJECT
Module: /usr/watcom/lib386/win/win386.lib(win459)
00004054       SELECTOBJECT
Module: /usr/watcom/lib386/win/win386.lib(win437)
0000407a       RECTANGLE
Module: /usr/watcom/lib386/win/win386.lib(win18)
000040ac       BEGINPAINT
Module: /usr/watcom/lib386/win/win386.lib(win470)
000040cc       SETBKMODE
Module: /usr/watcom/lib386/win/win386.lib(win469)
000040f2       SETBKCOLOR
Module: /usr/watcom/lib386/win/win386.lib(win512)
00004116       SETTEXTCOLOR
Module: /usr/watcom/lib386/win/win386.lib(win550)
0000413a       TEXTOUT
Module: /usr/watcom/lib386/win/win386.lib(win1310)
0000415a       ENDPAINT
Module: /usr/watcom/lib386/win/clib3r.lib(read.c)
00004320       read_
Module: /usr/watcom/lib386/win/clib3r.lib(write.c)
00004720       write_
Module: /usr/watcom/lib386/win/clib3r.lib(isatt.c)
00004790       isatty_
Module: /usr/watcom/lib386/win/win386.lib(win226)
000047ce       GETMESSAGE
Module: /usr/watcom/lib386/win/win386.lib(win555)
000047fa       TRANSLATEMESSAGE
Module: /usr/watcom/lib386/win/win386.lib(win100)
0000481a       DISPATCHMESSAGE
Module: /usr/watcom/lib386/win/win386.lib(win420)
00004838       PEEKMESSAGE
Module: /usr/watcom/lib386/win/win386.lib(win427)
00004864       POSTMESSAGE
Module: /usr/watcom/lib386/win/win386.lib(win190)
00004892       GETDC
Module: /usr/watcom/lib386/win/win386.lib(win444)
000048b4       RELEASEDC
Module: /usr/watcom/lib386/win/win386.lib(win19)
000048da       BITBLT
Module: /usr/watcom/lib386/win/clib3r.lib(memmove.c)
00004900       memmove_
Module: /usr/watcom/lib386/win/clib3r.lib(memset.c)
00004960       memset_
Module: /usr/watcom/lib386/win/clib3r.lib(snprintf.c)
000049c0       vsnprintf_
00004a30       snprintf_
Module: /usr/watcom/lib386/win/clib3r.lib(cb.c)
000090a8       _CBJumpTable
000098a8+      __CBRefsTable
00004d20+      vGetCallbackRoutine_
00004d90       GetCallbackRoutine_
00004dc0*      ReleaseCallbackRoutine_
00004e30       SetProc_
00004ec0       _COVER_MAKEPROCINSTANCE
00004ed0*      _COVER_FREEPROCINSTANCE
00004ee0+      FREEPROCINSTANCE
Module: /usr/watcom/lib386/win/clib3r.lib(regclass.c)
00004f60       _COVER_REGISTERCLASS
Module: /usr/watcom/lib386/win/win386.lib(win399)
00004f86       MESSAGEBOX
Module: /usr/watcom/lib386/win/win386.lib(win232)
00004fa6       GETMODULEFILENAME
Module: /usr/watcom/lib386/win/win386.lib(win78)
00004fc6       CREATEWINDOW
Module: /usr/watcom/lib386/win/win386.lib(win534)
00004fe6       SETWINDOWWORD
Module: /usr/watcom/lib386/win/win386.lib(win59)
00005010       CREATEFONT
Module: /usr/watcom/lib386/win/win386.lib(win193)
00005030       GETDESKTOPWINDOW
Module: /usr/watcom/lib386/win/win386.lib(win170)
0000504c       GETCHARWIDTH
Module: /usr/watcom/lib386/win/win386.lib(win536)
0000506c       SHOWWINDOW
Module: /usr/watcom/lib386/win/win386.lib(win1373)
00005092       UPDATEWINDOW
Module: /usr/watcom/lib386/win/win386.lib(win531)
000050b2       SETWINDOWPOS
Module: /usr/watcom/lib386/win/win386.lib(win360)
000050d2       ISWINDOW
Module: /usr/watcom/lib386/win/win386.lib(win91)
000050f4       DELETEOBJECT
Module: /usr/watcom/lib386/win/clib3r.lib(vsprintf.c)
00005140       vsprintf_
Module: /usr/watcom/lib386/win/clib3r.lib(nfree.c)
00005160       _nfree_
00005160       free_
00009ab4       ___MiniHeapFreeRover
Module: /usr/watcom/lib386/win/clib3r.lib(nmalloc.c)
00005260*      _nmalloc_
00005260       malloc_
00008174       ___nheapbeg
00008178       ___MiniHeapRover
0000817c       ___LargestSizeB4MiniHeapRover
Module: /usr/watcom/lib386/win/clib3r.lib(bprintf.c)
00005390+      _vbprintf_
000053d0*      _bprintf_
00005400+      _vsnprintf_
00005460       _snprintf_
Module: /usr/watcom/lib386/win/clib3r.lib(enterdb.c)
00005490       __EnterWVIDEO_
00008180       ___WD_Present
Module: /usr/watcom/lib386/win/clib3r.lib(stack386.c)
000054c0       stackavail_
Module: /usr/watcom/lib386/win/clib3r.lib(stk)
000054e7*      __STK
000054d4*      __CHK
000054e4       __GRO
00005505       __STKOVERFLOW_
Module: /usr/watcom/lib386/win/clib3r.lib(rterrmsg.c)
00005520       __rterr_msg_
Module: /usr/watcom/lib386/win/clib3r.lib(abort.c)
00005548       abort_
0000555a+      __terminate_
00008198       ___abort
Module: /usr/watcom/lib386/win/clib3r.lib(dosseg)
00001234       __DOSseg__
Module: /usr/watcom/lib386/win/clib3r.lib(wep.c)
00005570       WEP
Module: /usr/watcom/lib386/win/clib3r.lib(initrtns.c)
00005590       __InitRtns
000055e0       __FiniRtns
Module: /usr/watcom/lib386/win/clib3r.lib(exit.c)
00005633       exit_
00005660       _exit_
Module: /usr/watcom/lib386/win/clib3r.lib(sigtab.c)
0000819c       __SignalTable
Module: /usr/watcom/lib386/win/clib3r.lib(seterrno.c)
00005670       __set_errno_
0000567c*      __set_EDOM_
00005688*      __set_ERANGE_
00005694*      __set_EINVAL_
000056a5       __set_doserrno_
Module: /usr/watcom/lib386/win/clib3r.lib(ljmphdl.c)
000081d0       ___longjmp_handler
Module: /usr/watcom/lib386/win/win386.lib(win300)
000056c2       GETWINDOWLONG
Module: /usr/watcom/lib386/win/win386.lib(win527)
000056e6       SETWINDOWLONG
Module: /usr/watcom/lib386/win/win386.lib(win291)
0000570e       GETVERSION
Module: /usr/watcom/lib386/win/win386.lib(win370)
00005728       LOADLIBRARY
Module: /usr/watcom/lib386/win/win386.lib(win252)
00005754       GETPROCADDRESS
Module: /usr/watcom/lib386/win/win386.lib(win1313)
00005772       FREELIBRARY
Module: /usr/watcom/lib386/win/win386.lib(win309)
00005792       GETWINFLAGS
Module: /usr/watcom/lib386/win/clib3r.lib(i8s)
000057ac*      __U8RS
000057c6*      __I8RS
000057e1*      __I8LS
000057e1       __U8LS
Module: /usr/watcom/lib386/win/clib3r.lib(mapa2f.c)
00005800       MapAliasToFlat_
Module: /usr/watcom/lib386/win/clib3r.lib(iomodtty.c)
00005890       __ChkTTYIOMode_
000058d0*      __IOMode_
Module: /usr/watcom/lib386/win/clib3r.lib(iomode.c)
000058f0       __GetIOMode_
00005910       __SetIOMode_nogrow_
000081d4+      ___NFiles
000081d8+      ___init_mode
00008228       ___io_mode
Module: /usr/watcom/lib386/win/clib3r.lib(winrtns.c)
0000822c       __WindowsIsWindowedHandle
00008230*      __WindowsRemoveWindowedHandle
00008234*      __WindowsNewWindow
00008238*      __WindowsCloseWindow
0000823c*      __WindowsSetAbout
00008240*      __WindowsSetAppTitle
00008244*      __WindowsSetConTitle
00008248*      __WindowsDestroyOnClose
0000824c*      __WindowsYieldControl
00008250*      __WindowsShutDown
00008254       __WindowsStdin
00008258       __WindowsStdout
0000825c*      __WindowsKbhit
00008260*      __WindowsGetch
00008264*      __WindowsGetche
00008268*      __WindowsPutch
0000826c       __WindowsExitRtn
Module: /usr/watcom/lib386/win/win386.lib(win581)
00005930       _LREAD
Module: /usr/watcom/lib386/win/clib3r.lib(dosret.c)
00005950*      _dosretax_
00005960*      _dosret0_
00005970       __set_errno_dos_
000059f0*      __set_errno_dos_reterr_
Module: /usr/watcom/lib386/win/clib3r.lib(__lseek.c)
00005a00       __lseek_
Module: /usr/watcom/lib386/win/win386.lib(win582)
00005a4c       _LWRITE
Module: /usr/watcom/lib386/win/win386.lib(fldenv.asm)
00008284       __FLDENV
00008288       __FSTENV
00005a6c*      _FLOATINGPOINT
Module: /usr/watcom/lib386/win/clib3r.lib(__stos)
00005ad0       __STOSB
00005b07*      __STOSD
Module: /usr/watcom/lib386/win/clib3r.lib(prtf.c)
00005b80       __prtf_
Module: /usr/watcom/lib386/win/clib3r.lib(wincb32.asm)
000069c2       __32BitCallBack
Module: /usr/watcom/lib386/win/clib3r.lib(getp16.c)
00006a40       GetProc16_
Module: /usr/watcom/lib386/win/win386.lib(win441)
00006c04       REGISTERCLASS
Module: /usr/watcom/lib386/win/clib3r.lib(mem.c)
00006c40       __MemAllocator
00006d10       __MemFree
Module: /usr/watcom/lib386/win/clib3r.lib(nmemneed.c)
00006e50       __nmemneed_
Module: /usr/watcom/lib386/win/clib3r.lib(grownear.c)
00006fc0       __ExpandDGROUP_
Module: /usr/watcom/lib386/win/clib3r.lib(xmsgwin.c)
00006ff0+      __exit_with_msg_
00007050       __fatal_runtime_error_
Module: /usr/watcom/lib386/win/clib3r.lib(sgdef086)
000082a0       __Start_XI
000082ac       __End_XI
000082ac       __Start_YI
000082ac       __End_YI
Module: /usr/watcom/lib386/win/clib3r.lib(errno.c)
00007070       __get_errno_ptr_
00007080       __get_doserrno_ptr_
00009ab8+      _errno
00009abc+      __doserrno
Module: /usr/watcom/lib386/win/clib3r.lib(intxw32.c)
00007090*      int86_
000070a0*      int86x_
000070b0       intr_
Module: /usr/watcom/lib386/win/clib3r.lib(wctomb.c)
000070c0       wctomb_
Module: /usr/watcom/lib386/win/clib3r.lib(itoa.c)
000070f0+      utoa_
00007140       itoa_
Module: /usr/watcom/lib386/win/clib3r.lib(strupr.c)
00007170       strupr_
Module: /usr/watcom/lib386/win/clib3r.lib(noefgfmt.c)
0000828c       ___EFG_printf
00008290*      ___EFG_scanf
Module: /usr/watcom/lib386/win/clib3r.lib(lltoa.c)
000071e0       ulltoa_
00007250*      lltoa_
Module: /usr/watcom/lib386/win/clib3r.lib(ltoa.c)
00007280       ultoa_
000072d0*      ltoa_
Module: /usr/watcom/lib386/win/clib3r.lib(mbisdbcs.c)
00009ac0       ___IsDBCS
Module: /usr/watcom/lib386/win/clib3r.lib(mbislead.c)
00007300*      _ismbblead_
00009ac4       ___MBCSIsTable
Module: /usr/watcom/lib386/win/clib3r.lib(udpdat.c)
00009bc8       _UserProcs
Module: /usr/watcom/lib386/win/clib3r.lib(amblksiz.c)
00008294       __amblksiz
Module: /usr/watcom/lib386/win/clib3r.lib(heapen.c)
00007320*      _heapenable_
00008298       ___heap_enabled
Module: /usr/watcom/lib386/win/win386.lib(win811)
00007330       DPMIALLOC
Module: /usr/watcom/lib386/win/clib3r.lib(nheapmin.c)
00007350       _nheapshrink_
00007350*      _nheapmin_
00007350*      _heapmin_
00007350*      _heapshrink_
Module: /usr/watcom/lib386/win/win386.lib(win824)
00007438       _CLIB_INT86
Module: /usr/watcom/lib386/win/win386.lib(win825)
00007458       _CLIB_INT86X
Module: /usr/watcom/lib386/win/win386.lib(win1426)
00007478       _CLIB_INTR
Module: /usr/watcom/lib386/win/clib3r.lib(alphabet.c)
00007f0c       ___Alphabet
Module: /usr/watcom/lib386/win/clib3r.lib(mbinit.c)
000074da       __mbinit_
0000829c+      ___MBCodePage
Module: /usr/watcom/lib386/win/win386.lib(win812)
000075a0       DPMIFREE
Module: /usr/watcom/lib386/win/win386.lib(win352)
000075c2       ISDBCSLEADBYTE
Module: /usr/watcom/lib386/win/win386.lib(win214)
000075e4       GETKBCODEPAGE


                        +--------------------+
                        |   Libraries Used   |
                        +--------------------+

../../hw/dos/win386/dos.lib
../../hw/cpu/win386/cpu.lib
/usr/watcom/lib386/win/win386.lib
/usr/watcom/lib386/win/clib3r.lib


                        +-----------------------+
                        |   Linker Statistics   |
                        +-----------------------+

Stack size:  2000 (8192.)
Memory size:  bc50 (48208.)
Entry point address: 00002c7e
Link time: 00:00.01
