Open Watcom Linker Version 1.9
Portions Copyright (c) 1985-2002 Sybase, Inc. All Rights Reserved.
Created on:       14/05/11 19:26:49
Executable Image: dos86m/cr3.exe
creating a DOS executable


                        +------------+
                        |   Groups   |
                        +------------+

Group                           Address              Size
=====                           =======              ====

DGROUP                          0457:0000            00001070



                        +--------------+
                        |   Segments   |
                        +--------------+

Segment                Class          Group          Address         Size
=======                =====          =====          =======         ====

cr3_TEXT               CODE           AUTO           0000:0000       00000046
dos_TEXT               CODE           AUTO           0000:0050       00001294
_TEXT                  CODE           AUTO           0000:12f0       0000242c
cpu_TEXT               CODE           AUTO           0000:3720       000005eb
text                   CODE           AUTO           0000:3d0b       00000767
ntvdmlib_TEXT          CODE           AUTO           0000:4480       000000ed
FAR_DATA               FAR_DATA       AUTO           0456:000d       00000000
_NULL                  BEGDATA        DGROUP         0457:0000       00000020
_AFTERNULL             BEGDATA        DGROUP         0459:0000       00000002
CONST                  DATA           DGROUP         0459:0002       0000045a
CONST2                 DATA           DGROUP         049e:000c       00000000
_DATA                  DATA           DGROUP         049f:0000       000002b4
XIB                    DATA           DGROUP         04ca:0004       00000000
XI                     DATA           DGROUP         04ca:0004       0000000c
XIE                    DATA           DGROUP         04cb:0000       00000000
YIB                    DATA           DGROUP         04cb:0000       00000000
YI                     DATA           DGROUP         04cb:0000       00000006
YIE                    DATA           DGROUP         04cb:0006       00000000
STRINGS                DATA           DGROUP         04cb:0006       00000000
DATA                   DATA           DGROUP         04cb:0006       00000000
_BSS                   BSS            DGROUP         04cb:0006       00000120
STACK                  STACK          DGROUP         04de:0000       00000800


                        +----------------+
                        |   Memory Map   |
                        +----------------+

* = unreferenced symbol
+ = symbol only referenced locally

Address        Symbol
=======        ======

Module: dos86m/cr3.obj(/usr/src/doslib/hw/dos/cr3.c)
0000:0000      main_
Module: ../../hw/dos/dos86m/dos.lib(/usr/src/doslib/hw/dos/dos.c)
0457:0480*     _megaem_info
0457:0486+     _lib_dos_option
0457:0488+     _dos_LOL
0457:048c+     _dos_flavor
0457:048e+     _dos_version
0457:0490+     _freedos_kernel_version
0457:0494+     _dos_version_method
0457:0496+     _windows_version_method
0457:0498+     _ntvdm_dosntast_tried
0457:049a+     _ntvdm_dosntast_handle
0457:049c+     _freedos_kernel_version_str
0457:04a0*     _windows_emulation_comment_str
0457:04a2+     _windows_emulation
0457:04a4+     _windows_version
0457:04a6      _windows_mode
0457:04a7+     _windows_init
0457:04a8+     _vcpi_probed
0457:04a9+     _vcpi_present
0457:04aa*     _windows_mode_strs
0457:04b6+     _dpmi_flags
0457:04b8+     _dpmi_version
0457:04ba+     _dpmi_init
0457:04bc      _dpmi_entry_point
0457:04c0      _dpmi_present
0457:04c1+     _dpmi_processor_type
0457:04c2+     _dpmi_private_data_length_paragraphs
0457:04c4      _dpmi_private_data_segment
0457:04c6      _dpmi_entered
0457:04c8      _dpmi_rm_entry
0457:04d0      _dpmi_pm_entry
0000:0050*     _dos_xread_
0000:0096*     _dos_xwrite_
0000:00dc      probe_dpmi_
0000:0184      probe_dos_
0000:026c      detect_windows_
0000:0464*     dos_list_of_lists_
0000:049c*     dos_mcb_get_psp_
0000:04b8+     mcb_name_is_junk_
0000:04e4+     dos_mcb_first_segment_
0000:0500*     mcb_filter_name_
0000:05ae+     dos_mcb_next_
0000:0644*     dos_mcb_first_
0000:0686*     dos_parse_psp_
0000:06fa+     dos_device_next_
0000:07d0*     dos_device_first_
0000:087c*     dos_linear_to_phys_vcpi_
0000:08dc*     probe_vcpi_
0000:095c*     dpmi_getexhandler_
0000:0998*     dpmi_setexhandler_
0000:09d6+     dpmi_private_alloc_
0000:0a32      dpmi_enter_
0000:0ad0*     gravis_mega_em_detect_
0000:0b50*     gravis_sbos_detect_
0000:0bba*     gravis_ultramid_detect_
0000:0c24*     dos_close_awareness_cancel_
0000:0c3e*     dos_close_awareness_ack_
0000:0c58*     dos_close_awareness_enable_
0000:0c9a*     dos_close_awareness_query_
0000:0cd2*     dos_close_awareness_available_
0000:0ce4*     dos_vm_yield_
0000:0cfc*     detect_virtualbox_emu_
0000:0e20*     dpmi_lin2fmemcpy_
0000:0e8c*     dpmi_lin2fmemcpy_init_
0000:0eb2*     windows_emulation_str_
0000:0ec6+     ntvdm_dosntast_detect_
0000:0f2a+     ntvdm_dosntast_load_vdd_
0000:1042*     ntvdm_dosntast_waveOutGetNumDevs_
0000:1068*     ntvdm_dosntast_waveOutGetDevCaps_
0000:10d4*     ntvdm_dosntast_MessageBox_
0000:1122+     ntvdm_dosntast_init_
0000:11dc*     ntvdm_dosntast_unload_
0000:121a*     ntvdm_dosntast_GetTickCount_
0000:1266+     ntvdm_dosntast_getversionex_
0000:12c8*     dos_flavor_str_
0457:04e7+     _virtualbox_version_str
0457:0528+     _ntvdm_dosntast_io_base
0457:0746      _dpmi_pm_es
0457:0748      _dpmi_pm_ds
0457:074a      _dpmi_pm_cs
0457:074c      _dpmi_pm_ss
0457:074e+     _vcpi_minor_version
0457:074f+     _vcpi_major_version
Module: /usr/watcom/lib286/dos/clibm.lib(printf.c)
0000:12f0      printf_
Module: /usr/watcom/lib286/dos/clibm.lib(cstart)
0457:0000*     __nullarea
0457:052a*     __ovlflag
0457:052b*     __intno
0457:052c*     __ovlvec
0000:1312      _cstart_
0000:13e5*     _Not_Enough_Memory_
0000:1519      __exit_
0000:1538      __do_exit_with_msg__
0000:1596      __GETDS
Module: /usr/watcom/lib286/dos/clibm.lib(cmodel)
0000:15a0      _big_code_
0000:15a0*     CodeModelMismatch
Module: /usr/watcom/lib286/dos/clibm.lib(intx086.c)
0000:15a0+     int86x_
0000:1626      int86_
Module: ../../hw/cpu/dos86m/cpu.lib(/usr/src/doslib/hw/cpu/cpu.c)
0457:0530+     _cpu_sse_usable
0457:0531+     _cpu_sse_usable_probed
0457:0532+     _cpu_sse_usable_can_turn_on
0457:0533+     _cpu_sse_usable_can_turn_off
0457:0534+     _cpu_sse_unusable_reason
0457:0536+     _cpu_sse_usable_detection_method
0457:0538+     _cpu_cpuid_ext_info
0457:053a      _cpu_cpuid_vendor
0457:0547      _cpu_serial
0457:0557      _cpu_cpuid_features
0457:0567      _cpu_basic_level
0457:0568      _cpu_cpuid_max
0457:056c      _cpu_flags
0457:056e      _cpu_tmp1
0457:0570*     _cpu_basic_level_str
0000:3736+     cpu_extended_cpuid_info_free_
0000:374e*     cpu_extended_cpuid_probe_
0000:3aa4      cpu_probe_
0000:3ab8*     cpu_check_sse_is_usable_
0000:3c14*     cpu_sse_disable_
0000:3c90*     cpu_sse_enable_
Module: ../../hw/dos/dos86m/dos.lib(dosasm.asm)
0000:3d20      _dpmi_enter_core
0000:3ef1      _dpmi_lin2fmemcpy_32
0000:4011      _dpmi_lin2fmemcpy_16
Module: ../../windows/ntvdm/dos86m/ntvdmlib.lib(/usr/src/doslib/windows/ntvdm/ntvdmlib.c)
0000:4480*     i_am_ntvdm_client_
0000:44cc*     ntvdm_RM_ERR_str_
0000:44fc      ntvdm_UnregisterModule_
0000:451a      ntvdm_RegisterModule_
Module: /usr/watcom/lib286/dos/clibm.lib(iob.c)
0457:0590      ___iob
0457:06a8*     __fmode
0457:0750      ___OpenStreams
0457:0752      ___ClosedStreams
Module: /usr/watcom/lib286/dos/clibm.lib(fprtf.c)
0000:1658      __fprtf_
Module: /usr/watcom/lib286/dos/clibm.lib(xmsg.c)
0000:16f3*     __exit_with_msg_
0000:16f8      __fatal_runtime_error_
Module: /usr/watcom/lib286/dos/clibm.lib(cmain086.c)
0000:1716      __CMain
Module: /usr/watcom/lib286/dos/clibm.lib(initrtns.c)
0000:1771      __InitRtns
0000:1771*     __FInitRtns
0000:17cc      __FiniRtns
0000:17cc*     __FFiniRtns
Module: /usr/watcom/lib286/dos/clibm.lib(crwdata)
0457:06aa      __curbrk
0457:06b2      __STACKLOW
0457:06b4      __STACKTOP
0457:06b6      __cbyte
0457:06b8      __child
0457:06ba      __no87
0457:06c8      ___FPE_handler
0457:06ac      __psp
0457:06bc      __get_ovl_stack
0457:06c0      __restore_ovl_stack
0457:06c4      __close_ovl_file
0457:06cc      __LpCmdLine
0457:06d0      __LpPgmName
0457:06ae      __osmajor
0457:06af      __osminor
0457:06b0      __osmode
0457:06b1      __HShift
Module: /usr/watcom/lib286/dos/clibm.lib(uselfn.c)
0457:06d4      ___uselfn
Module: /usr/watcom/lib286/dos/clibm.lib(dosseg)
0000:1830      __DOSseg__
Module: /usr/watcom/lib286/dos/clibm.lib(intr.c)
0000:1831      intr_
Module: /usr/watcom/lib286/dos/clibm.lib(segread.c)
0000:1845      segread_
Module: /usr/watcom/lib286/dos/clibm.lib(nfree.c)
0000:185d      _nfree_
0000:185d      free_
0457:0754+     ___MiniHeapFreeRover
Module: /usr/watcom/lib286/dos/clibm.lib(nmalloc.c)
0000:1922      _nmalloc_
0000:1922      malloc_
0457:06d6      ___nheapbeg
0457:06d8      ___MiniHeapRover
0457:06da      ___LargestSizeB4MiniHeapRover
Module: ../../hw/cpu/dos86m/cpu.lib(cpuasm.asm)
0000:4137      cpu_basic_probe_
0000:4242*     _inpd
0000:4253*     _outpd
0000:4261*     cpu_disable_serial_
0000:427e*     cpu_ask_serial_
0000:42b3*     reset_8086_entry_
0000:42b9*     bios_reset_cb_e_
0000:42e7*     cpu_rdtsc_
0000:42fd*     cpu_rdtsc_write_
0000:4327      cpu_cpuid_
0000:4355      _cpu_dpmi_win9x_sse_test
Module: /usr/watcom/lib286/dos/clibm.lib(d_getvec.c)
0000:19e3      _dos_getvect_
Module: /usr/watcom/lib286/dos/clibm.lib(d_setvec.c)
0000:19ee      _dos_setvect_
Module: /usr/watcom/lib286/dos/clibm.lib(initfile.c)
0000:19fb      __InitFiles_
Module: /usr/watcom/lib286/dos/clibm.lib(ioexit.c)
0000:1ac5*     fcloseall_
0000:1acc      __full_io_exit_
Module: /usr/watcom/lib286/dos/clibm.lib(fputc.c)
0000:1ad6      fputc_
Module: /usr/watcom/lib286/dos/clibm.lib(ioalloc.c)
0000:1b84      __ioalloc_
Module: /usr/watcom/lib286/dos/clibm.lib(prtf.c)
0000:1bf4      __prtf_
Module: /usr/watcom/lib286/dos/clibm.lib(flush.c)
0000:276c      __flush_
Module: /usr/watcom/lib286/dos/clibm.lib(enterdb.c)
0000:285d      __EnterWVIDEO_
0457:06dc+     ___WD_Present
Module: /usr/watcom/lib286/dos/clibm.lib(___argc.c)
0457:0756      ____Argc
0457:0758      ____Argv
Module: /usr/watcom/lib286/dos/clibm.lib(amblksiz.c)
0457:06de      __amblksiz
Module: /usr/watcom/lib286/dos/clibm.lib(exit.c)
0000:2879+     __null_int23_exit_
0000:287a      exit_
0000:289c*     _exit_
0457:06e0+     ___int23_exit
0457:06e4+     ___FPE_handler_exit
Module: /usr/watcom/lib286/dos/clibm.lib(sgdef086)
0457:0734      __Start_XI
0457:0740      __End_XI
0457:0740      __Start_YI
0457:0746      __End_YI
Module: /usr/watcom/lib286/dos/clibm.lib(dointr)
0000:28ac      _DoINTR_
Module: /usr/watcom/lib286/dos/clibm.lib(mem.c)
0000:2c30      __MemAllocator
0000:2cfa      __MemFree
Module: /usr/watcom/lib286/dos/clibm.lib(nmemneed.c)
0000:2e57      __nmemneed_
Module: /usr/watcom/lib286/dos/clibm.lib(grownear.c)
0000:2ec6+     __LastFree_
0000:2f2e      __ExpandDGROUP_
Module: /usr/watcom/lib286/dos/clibm.lib(fclose.c)
0000:300d+     __doclose_
0000:3096      __shutdown_stream_
0000:30aa*     fclose_
0457:075a+     ___RmTmpFileFn
Module: /usr/watcom/lib286/dos/clibm.lib(freefp.c)
0000:30cd      __freefp_
0000:30fa      __purgefp_
Module: /usr/watcom/lib286/dos/clibm.lib(seterrno.c)
0000:3120      __set_errno_
0000:3130*     __set_EDOM_
0000:313e*     __set_ERANGE_
0000:314c*     __set_EINVAL_
0000:315d      __set_doserrno_
Module: /usr/watcom/lib286/dos/clibm.lib(chktty.c)
0000:3168      __chktty_
Module: /usr/watcom/lib286/dos/clibm.lib(wctomb.c)
0000:318f      wctomb_
Module: /usr/watcom/lib286/dos/clibm.lib(itoa.c)
0000:31ac+     utoa_
0000:31f1      itoa_
Module: /usr/watcom/lib286/dos/clibm.lib(i4m)
0000:320e*     __I4M
0000:320e      __U4M
Module: /usr/watcom/lib286/dos/clibm.lib(strupr.c)
0000:3226      strupr_
Module: /usr/watcom/lib286/dos/clibm.lib(noefgfmt.c)
0457:06e8      ___EFG_printf
0457:06ec*     ___EFG_scanf
Module: /usr/watcom/lib286/dos/clibm.lib(mbisdbcs.c)
0457:075e      ___IsDBCS
Module: /usr/watcom/lib286/dos/clibm.lib(mbislead.c)
0000:3258*     _ismbblead_
0457:0760      ___MBCSIsTable
Module: /usr/watcom/lib286/dos/clibm.lib(lltoa.c)
0000:326f      ulltoa_
0000:3334*     lltoa_
Module: /usr/watcom/lib286/dos/clibm.lib(ltoa.c)
0000:3388      ultoa_
0000:33db*     ltoa_
Module: /usr/watcom/lib286/dos/clibm.lib(__lseek.c)
0000:33fc      __lseek_
Module: /usr/watcom/lib286/dos/clibm.lib(qwrit.c)
0000:3436      __qwrite_
Module: /usr/watcom/lib286/dos/clibm.lib(fsync.c)
0000:3492      fsync_
Module: /usr/watcom/lib286/dos/clibm.lib(heapen.c)
0000:3497*     _heapenable_
0457:06f0      ___heap_enabled
Module: /usr/watcom/lib286/dos/clibm.lib(sbrk.c)
0000:34a3*     sbrk_
0000:34a7      __brk_
Module: /usr/watcom/lib286/dos/clibm.lib(_clse.c)
0000:34fd      __close_
Module: /usr/watcom/lib286/dos/clibm.lib(errno.c)
0000:3530      __get_errno_ptr_
0000:3534      __get_doserrno_ptr_
0457:0862+     _errno
0457:0864+     __doserrno
Module: /usr/watcom/lib286/dos/clibm.lib(isatt.c)
0000:3538      isatty_
Module: /usr/watcom/lib286/dos/clibm.lib(alphabet.c)
0457:0456      ___Alphabet
Module: /usr/watcom/lib286/dos/clibm.lib(mbinit.c)
0000:3588      __mbinit_
0457:06f2+     ___MBCodePage
Module: /usr/watcom/lib286/dos/clibm.lib(dosret.c)
0000:3658*     _dosretax_
0000:365d*     _dosret0_
0000:3664      __set_errno_dos_
0000:36b8*     __set_errno_dos_reterr_
Module: /usr/watcom/lib286/dos/clibm.lib(iomode.c)
0000:36c3      __GetIOMode_
0000:36da      __SetIOMode_nogrow_
0457:0708+     ___NFiles
0457:070a+     ___init_mode
0457:0732+     ___io_mode
Module: /usr/watcom/lib286/dos/clibm.lib(filedos.c)
0000:36ef*     _dos_close_
0000:36fd      _dos_commit_
Module: /usr/watcom/lib286/dos/clibm.lib(doserror)
0000:370e      __doserror_


                        +--------------------+
                        |   Libraries Used   |
                        +--------------------+

../../hw/dos/dos86m/dos.lib
../../hw/cpu/dos86m/cpu.lib
../../windows/ntvdm/dos86m/ntvdmlib.lib
/usr/watcom/lib286/dos/clibm.lib


                        +-----------------------+
                        |   Linker Statistics   |
                        +-----------------------+

Stack size:  0800 (2048.)
Memory size:  55e0 (21984.)
Entry point address: 0000:1312
Link time: 00:00.01
