Open Watcom Linker Version 1.9
Portions Copyright (c) 1985-2002 Sybase, Inc. All Rights Reserved.
Created on:       14/05/11 21:49:57
Warning! W1080: file ../../hw/cpu/win38631/cpu.lib is a 16-bit object file
Executable Image: win38631/test.exe
creating a Windows 32-bit executable


                        +------------+
                        |   Groups   |
                        +------------+

Group                           Address              Size
=====                           =======              ====

DGROUP                          00005e90             00004090



                        +--------------+
                        |   Segments   |
                        +--------------+

Segment                Class          Group          Address         Size
=======                =====          =====          =======         ====

text                   CODE           AUTO           00000000        00000117
BEGTEXT                CODE           AUTO           00000118        00000006
_TEXT                  CODE           AUTO           00000120        00005d70
CONST                  DATA           DGROUP         00005e90        000003b0
CONST2                 DATA           DGROUP         00006240        00000000
_DATA                  DATA           DGROUP         00006240        00000360
XIB                    DATA           DGROUP         000065a0        00000000
XI                     DATA           DGROUP         000065a0        0000000c
XIE                    DATA           DGROUP         000065ac        00000000
YIB                    DATA           DGROUP         000065ac        00000000
YI                     DATA           DGROUP         000065ac        00000000
YIE                    DATA           DGROUP         000065ac        00000000
DATA                   DATA           DGROUP         000065ac        00000000
_BSS                   BSS            DGROUP         000065ac        00001974
STACK                  STACK          DGROUP         00007f20        00002000


                        +----------------+
                        |   Memory Map   |
                        +----------------+

* = unreferenced symbol
+ = symbol only referenced locally

Address        Symbol
=======        ======

Module: win38631/test.obj(/usr/src/doslib/hw/dos/test.c)
00000120       WINMAIN
00000144+      main_
Module: ../../hw/dos/win38631/dos.lib(/usr/src/doslib/hw/dos/winfcon.c)
00000340*      _win_hwnd_
00000348+      _win_kb_insert_
000003b8+      _win_sigint_
00000400+      _win_sigint_post_
00000410+      _WIN_WINDOWPROC
000008d8+      _win_kbhit_
000008f0       _win_getch_
0000092c+      _win_kb_read_
0000094c+      _win_kb_write_
00000964*      _win_read_
00000990*      _win_write_
000009bc*      _win_isatty_
000009d4+      _win_pump_wait_
00000a34+      _win_pump_
00000ab0+      _win_redraw_line_row_
00000ba0+      _win_redraw_line_row_partial_
00000cac+      _win_scrollup_
00000d80*      _win_newline_
00000da4+      _win_update_cursor_
00000de8+      _win_putc_
00000e48       _win_printf_
00000ec8*      _gdi_pause_
00000ecc       _WIN_MAIN_CON_ENTRY
00007368+      __win_hInstance
Module: ../../hw/dos/win38631/dos.lib(/usr/src/doslib/hw/dos/dos.c)
00006240*      _megaem_info
00006246*      _lib_dos_option
0000624c+      _dos_LOL
00006252       _dos_flavor
00006254       _dos_version
00006258       _freedos_kernel_version
0000625c       _dos_version_method
00006260       _windows_version_method
00006264*      _dpmi_no_0301h
00006268       _freedos_kernel_version_str
0000626c       _windows_emulation_comment_str
00006270       _windows_emulation
00006272       _windows_version
00006274       _windows_mode
00006275+      _windows_init
00006276+      _vcpi_probed
00006277+      _vcpi_present
00001270*      dpmi_linear_lock_
000012c4*      dpmi_linear_unlock_
00001318+      dpmi_phys_addr_map_
00001370+      dpmi_phys_addr_free_
0000139c*      dpmi_alloc_dos_
00001420*      dpmi_free_dos_
00001448*      _dos_xread_
00001490*      _dos_xwrite_
000014d8       probe_dpmi_
000014dc       probe_dos_
00001580*      win32_probe_for_wine_
000015d4       detect_windows_
000016dc*      dos_list_of_lists_
000016e0*      dos_mcb_get_psp_
00001700+      mcb_name_is_junk_
00001730*      dos_mcb_first_segment_
00001744       detect_virtualbox_emu_
0000175c*      mcb_filter_name_
000017f4+      dos_mcb_next_
000018a0*      dos_mcb_first_
000018e0*      dos_parse_psp_
00001970+      dos_device_next_
00001a80*      dos_device_first_
00001b40+      dos_linear_to_phys_vcpi_
00001b7c*      dos_ltp_probe_
00001bfc*      dos_linear_to_phys_
00001ed4*      dpmi_linear_alloc_
00001f38*      dpmi_linear_free_
00001f7c       probe_vcpi_
00001f9c       windows_emulation_str_
00001fb8       dos_flavor_str_
00001fdc*      win386_alt_winnt_MapAliasToFlat_
00001ff0       win386_help_MapAliasToFlat_
00006278       _windows_mode_strs
00006290+      _dos_ltp_info_init
00006291       _virtualbox_version_str
0000736c+      _dos_ltp_info
0000737c       _vcpi_minor_version
0000737d       _vcpi_major_version
Module: ../../hw/dos/win38631/dos.lib(/usr/src/doslib/hw/dos/dosbox.c)
00002010       detect_dosbox_emu_
Module: /usr/watcom/lib386/win/clib3r.lib(cstrtw32.asm)
0000011a*      ___begtext
000062d4       _LocalPtr
000062e2*      ___A000
000062e4*      ___B000
000062e6*      ___B800
000062e8*      ___C000
000062ea*      ___D000
000062ec*      ___E000
000062ee*      ___F000
000062f0       __CodeSelectorBaseAddr
000062f6       __DataSelectorBaseAddr
000062fc       __32BitCallBackAddr
00006302*      __DLLEntryAddr
00006308*      __WEPAddr
0000630e       __16BitCallBackAddr
00006312*      Invoke16BitFunctionAddr
00006318*      __INT21ADDR
0000631e       __WIN16THUNK1ADDR
00006324       __WIN16THUNK2ADDR
0000632a*      __WIN16THUNK3ADDR
00006330*      __WIN16THUNK4ADDR
00006336       __WIN16THUNK5ADDR
0000633c*      __WIN16THUNK6ADDR
00006342*      __Call16Addr
0000636c*      __pid
0000636e*      __wincmdptr
00006404       ___Is_DLL
00006348*      __LpCmdLine
0000634c*      __LpPgmName
00006350       __STACKLOW
00006354*      __STACKTOP
00006358*      __ASTACKSIZ
0000635c*      __ASTACKPTR
00006360       __curbrk
00006364*      __cbyte
00006368       __osmajor
00006369*      __osminor
0000636a*      __Extender
000062e0*      __no87
00006405*      ___FPE_handler
0000636b*      __init_387_emulator
00002016*      _cstart_
00002016       _wstart_
00002016*      _wstart2_
00002016*      __DLLstart_
00002195       __exit_
000021e0*      __GETDS
000021e9*      __Int21
000021e9       __Int21_
Module: /usr/watcom/lib386/win/win386.lib(win1335)
000021fa       MESSAGEBEEP
Module: /usr/watcom/lib386/win/clib3r.lib(signl.c)
00002220+      __sigabort_
00002230*      raise_
00002270       signal_
Module: /usr/watcom/lib386/win/clib3r.lib(setjmp)
000022c4       _setjmp_
000022f3       longjmp_
Module: /usr/watcom/lib386/win/win386.lib(win308)
00002358       GETWINDOWWORD
Module: /usr/watcom/lib386/win/clib3r.lib(setwl.c)
00002380       _COVER_GETWINDOWLONG
00002400       _COVER_SETWINDOWLONG
0000640c+      _WndProcList
Module: /usr/watcom/lib386/win/win386.lib(win86)
00002486       DEFWINDOWPROC
Module: /usr/watcom/lib386/win/win386.lib(win271)
000024b2       GETSYSTEMMETRICS
Module: /usr/watcom/lib386/win/win386.lib(win95)
000024d4       DESTROYWINDOW
Module: /usr/watcom/lib386/win/win386.lib(win1324)
000024f6       HIDECARET
Module: /usr/watcom/lib386/win/win386.lib(win1305)
00002516       DESTROYCARET
Module: /usr/watcom/lib386/win/win386.lib(win1341)
00002530       POSTQUITMESSAGE
Module: /usr/watcom/lib386/win/win386.lib(win368)
00002550       LOADCURSOR
Module: /usr/watcom/lib386/win/win386.lib(win481)
00002570       SETCURSOR
Module: /usr/watcom/lib386/win/win386.lib(win1303)
00002592       CREATECARET
Module: /usr/watcom/lib386/win/win386.lib(win1354)
000025be       SETCARETPOS
Module: /usr/watcom/lib386/win/win386.lib(win1366)
000025e2       SHOWCARET
Module: /usr/watcom/lib386/win/win386.lib(win289)
00002602       GETUPDATERECT
Module: /usr/watcom/lib386/win/win386.lib(win263)
00002622       GETSTOCKOBJECT
Module: /usr/watcom/lib386/win/win386.lib(win459)
00002644       SELECTOBJECT
Module: /usr/watcom/lib386/win/win386.lib(win437)
0000266a       RECTANGLE
Module: /usr/watcom/lib386/win/win386.lib(win18)
0000269c       BEGINPAINT
Module: /usr/watcom/lib386/win/win386.lib(win470)
000026bc       SETBKMODE
Module: /usr/watcom/lib386/win/win386.lib(win469)
000026e2       SETBKCOLOR
Module: /usr/watcom/lib386/win/win386.lib(win512)
00002706       SETTEXTCOLOR
Module: /usr/watcom/lib386/win/win386.lib(win550)
0000272a       TEXTOUT
Module: /usr/watcom/lib386/win/win386.lib(win1310)
0000274a       ENDPAINT
Module: /usr/watcom/lib386/win/clib3r.lib(read.c)
00002910       read_
Module: /usr/watcom/lib386/win/clib3r.lib(write.c)
00002d10       write_
Module: /usr/watcom/lib386/win/clib3r.lib(isatt.c)
00002d80       isatty_
Module: /usr/watcom/lib386/win/win386.lib(win226)
00002dbe       GETMESSAGE
Module: /usr/watcom/lib386/win/win386.lib(win555)
00002dea       TRANSLATEMESSAGE
Module: /usr/watcom/lib386/win/win386.lib(win100)
00002e0a       DISPATCHMESSAGE
Module: /usr/watcom/lib386/win/win386.lib(win420)
00002e28       PEEKMESSAGE
Module: /usr/watcom/lib386/win/win386.lib(win427)
00002e54       POSTMESSAGE
Module: /usr/watcom/lib386/win/win386.lib(win190)
00002e82       GETDC
Module: /usr/watcom/lib386/win/win386.lib(win444)
00002ea4       RELEASEDC
Module: /usr/watcom/lib386/win/win386.lib(win19)
00002eca       BITBLT
Module: /usr/watcom/lib386/win/clib3r.lib(memmove.c)
00002ef0       memmove_
Module: /usr/watcom/lib386/win/clib3r.lib(memset.c)
00002f50       memset_
Module: /usr/watcom/lib386/win/clib3r.lib(snprintf.c)
00002fb0       vsnprintf_
00003020       snprintf_
Module: /usr/watcom/lib386/win/clib3r.lib(regclass.c)
00003050       _COVER_REGISTERCLASS
Module: /usr/watcom/lib386/win/win386.lib(win399)
00003076       MESSAGEBOX
Module: /usr/watcom/lib386/win/win386.lib(win232)
00003096       GETMODULEFILENAME
Module: /usr/watcom/lib386/win/win386.lib(win78)
000030b6       CREATEWINDOW
Module: /usr/watcom/lib386/win/win386.lib(win534)
000030d6       SETWINDOWWORD
Module: /usr/watcom/lib386/win/win386.lib(win59)
00003100       CREATEFONT
Module: /usr/watcom/lib386/win/win386.lib(win193)
00003120       GETDESKTOPWINDOW
Module: /usr/watcom/lib386/win/win386.lib(win170)
0000313c       GETCHARWIDTH
Module: /usr/watcom/lib386/win/win386.lib(win536)
0000315c       SHOWWINDOW
Module: /usr/watcom/lib386/win/win386.lib(win1373)
00003182       UPDATEWINDOW
Module: /usr/watcom/lib386/win/win386.lib(win531)
000031a2       SETWINDOWPOS
Module: /usr/watcom/lib386/win/win386.lib(win360)
000031c2       ISWINDOW
Module: /usr/watcom/lib386/win/win386.lib(win91)
000031e4       DELETEOBJECT
Module: /usr/watcom/lib386/win/win386.lib(win291)
00003206       GETVERSION
Module: /usr/watcom/lib386/win/win386.lib(win370)
00003220       LOADLIBRARY
Module: /usr/watcom/lib386/win/win386.lib(win252)
0000324c       GETPROCADDRESS
Module: /usr/watcom/lib386/win/win386.lib(win1313)
0000326a       FREELIBRARY
Module: /usr/watcom/lib386/win/win386.lib(win309)
0000328a       GETWINFLAGS
Module: ../../hw/cpu/win38631/cpu.lib(/usr/src/doslib/hw/cpu/cpu.c)
00006410+      _cpu_sse_usable
00006411+      _cpu_sse_usable_probed
00006412+      _cpu_sse_usable_can_turn_on
00006413+      _cpu_sse_usable_can_turn_off
00006414+      _cpu_sse_unusable_reason
00006418+      _cpu_sse_usable_detection_method
0000641c+      _cpu_cpuid_ext_info
000032c0*      cpu_extended_cpuid_info_free_
000032d8*      cpu_extended_cpuid_probe_
00003600       cpu_probe_
0000361c*      cpu_check_sse_is_usable_
000036ac*      cpu_sse_disable_
000036c8*      cpu_sse_enable_
00006420       _cpu_cpuid_vendor
0000642d       _cpu_serial
0000643d       _cpu_cpuid_features
0000644d       _cpu_basic_level
00006450       _cpu_cpuid_max
00006454       _cpu_flags
00006456       _cpu_tmp1
00006458*      _cpu_basic_level_str
Module: /usr/watcom/lib386/win/clib3r.lib(i8s)
000036e4*      __U8RS
000036fe*      __I8RS
00003719*      __I8LS
00003719       __U8LS
Module: /usr/watcom/lib386/win/clib3r.lib(mapa2f.c)
00003740       MapAliasToFlat_
Module: /usr/watcom/lib386/win/clib3r.lib(dosseg)
00001234       __DOSseg__
Module: /usr/watcom/lib386/win/clib3r.lib(wep.c)
000037d0       WEP
Module: /usr/watcom/lib386/win/clib3r.lib(initrtns.c)
000037f0       __InitRtns
00003840       __FiniRtns
Module: /usr/watcom/lib386/win/clib3r.lib(exit.c)
00003893       exit_
000038c0       _exit_
Module: /usr/watcom/lib386/win/clib3r.lib(sigtab.c)
00006474       __SignalTable
Module: /usr/watcom/lib386/win/clib3r.lib(abort.c)
000038e5*      abort_
000038f7+      __terminate_
000064a8       ___abort
Module: /usr/watcom/lib386/win/clib3r.lib(seterrno.c)
00003909       __set_errno_
00003915*      __set_EDOM_
00003921*      __set_ERANGE_
0000392d*      __set_EINVAL_
0000393e       __set_doserrno_
Module: /usr/watcom/lib386/win/clib3r.lib(ljmphdl.c)
000064ac       ___longjmp_handler
Module: /usr/watcom/lib386/win/win386.lib(win300)
00003952       GETWINDOWLONG
Module: /usr/watcom/lib386/win/clib3r.lib(nmalloc.c)
00003980*      _nmalloc_
00003980       malloc_
000064b0       ___nheapbeg
000064b4       ___MiniHeapRover
000064b8       ___LargestSizeB4MiniHeapRover
Module: /usr/watcom/lib386/win/clib3r.lib(cb.c)
00007380       _CBJumpTable
00007b80+      __CBRefsTable
00003d40+      vGetCallbackRoutine_
00003db0       GetCallbackRoutine_
00003de0*      ReleaseCallbackRoutine_
00003e50       SetProc_
00003ee0*      _COVER_MAKEPROCINSTANCE
00003ef0*      _COVER_FREEPROCINSTANCE
00003f00+      FREEPROCINSTANCE
Module: /usr/watcom/lib386/win/win386.lib(win527)
00003f76       SETWINDOWLONG
Module: /usr/watcom/lib386/win/clib3r.lib(iomodtty.c)
00003fa0       __ChkTTYIOMode_
00003fe0*      __IOMode_
Module: /usr/watcom/lib386/win/clib3r.lib(iomode.c)
00004000       __GetIOMode_
00004020       __SetIOMode_nogrow_
000064bc+      ___NFiles
000064c0+      ___init_mode
00006510       ___io_mode
Module: /usr/watcom/lib386/win/clib3r.lib(winrtns.c)
00006514       __WindowsIsWindowedHandle
00006518*      __WindowsRemoveWindowedHandle
0000651c*      __WindowsNewWindow
00006520*      __WindowsCloseWindow
00006524*      __WindowsSetAbout
00006528*      __WindowsSetAppTitle
0000652c*      __WindowsSetConTitle
00006530*      __WindowsDestroyOnClose
00006534*      __WindowsYieldControl
00006538*      __WindowsShutDown
0000653c       __WindowsStdin
00006540       __WindowsStdout
00006544*      __WindowsKbhit
00006548*      __WindowsGetch
0000654c*      __WindowsGetche
00006550*      __WindowsPutch
00006554       __WindowsExitRtn
Module: /usr/watcom/lib386/win/win386.lib(win581)
00004040       _LREAD
Module: /usr/watcom/lib386/win/clib3r.lib(dosret.c)
00004060*      _dosretax_
00004070*      _dosret0_
00004080       __set_errno_dos_
00004100*      __set_errno_dos_reterr_
Module: /usr/watcom/lib386/win/clib3r.lib(__lseek.c)
00004110       __lseek_
Module: /usr/watcom/lib386/win/win386.lib(win582)
0000415c       _LWRITE
Module: /usr/watcom/lib386/win/clib3r.lib(stack386.c)
00004180       stackavail_
Module: /usr/watcom/lib386/win/clib3r.lib(stk)
000041a7*      __STK
00004194*      __CHK
000041a4*      __GRO
000041c5       __STKOVERFLOW_
Module: /usr/watcom/lib386/win/win386.lib(fldenv.asm)
00006580       __FLDENV
00006584       __FSTENV
000041d4*      _FLOATINGPOINT
Module: /usr/watcom/lib386/win/clib3r.lib(__stos)
00004230       __STOSB
00004267*      __STOSD
Module: /usr/watcom/lib386/win/clib3r.lib(prtf.c)
000042e0       __prtf_
Module: /usr/watcom/lib386/win/clib3r.lib(getp16.c)
00005180       GetProc16_
Module: /usr/watcom/lib386/win/win386.lib(win441)
00005344       REGISTERCLASS
Module: /usr/watcom/lib386/win/clib3r.lib(nfree.c)
00005380       _nfree_
00005380       free_
00007d8c       ___MiniHeapFreeRover
Module: ../../hw/cpu/win38631/cpu.lib(cpuasm.asm)
00000000       cpu_basic_probe_
000000d5*      cpu_disable_serial_
000000ea*      cpu_ask_serial_
Module: /usr/watcom/lib386/win/clib3r.lib(intxw32.c)
00005480*      int86_
00005490*      int86x_
000054a0       intr_
Module: /usr/watcom/lib386/win/clib3r.lib(sgdef086)
000065a0       __Start_XI
000065ac       __End_XI
000065ac       __Start_YI
000065ac       __End_YI
Module: /usr/watcom/lib386/win/clib3r.lib(xmsgwin.c)
000054c0+      __exit_with_msg_
00005520       __fatal_runtime_error_
Module: /usr/watcom/lib386/win/clib3r.lib(errno.c)
00005540       __get_errno_ptr_
00005550       __get_doserrno_ptr_
00007d90+      _errno
00007d94+      __doserrno
Module: /usr/watcom/lib386/win/clib3r.lib(nmemneed.c)
00005560       __nmemneed_
Module: /usr/watcom/lib386/win/clib3r.lib(mem.c)
00005570       __MemAllocator
00005640       __MemFree
Module: /usr/watcom/lib386/win/clib3r.lib(grownear.c)
000058e0       __ExpandDGROUP_
Module: /usr/watcom/lib386/win/clib3r.lib(wincb32.asm)
000058f2       __32BitCallBack
Module: /usr/watcom/lib386/win/clib3r.lib(wctomb.c)
00005920       wctomb_
Module: /usr/watcom/lib386/win/clib3r.lib(itoa.c)
00005950+      utoa_
000059a0       itoa_
Module: /usr/watcom/lib386/win/clib3r.lib(strupr.c)
000059d0       strupr_
Module: /usr/watcom/lib386/win/clib3r.lib(noefgfmt.c)
00006588       ___EFG_printf
0000658c*      ___EFG_scanf
Module: /usr/watcom/lib386/win/clib3r.lib(lltoa.c)
00005a40       ulltoa_
00005ab0*      lltoa_
Module: /usr/watcom/lib386/win/clib3r.lib(ltoa.c)
00005ae0       ultoa_
00005b30*      ltoa_
Module: /usr/watcom/lib386/win/clib3r.lib(mbisdbcs.c)
00007d98       ___IsDBCS
Module: /usr/watcom/lib386/win/clib3r.lib(mbislead.c)
00005b60*      _ismbblead_
00007d9c       ___MBCSIsTable
Module: /usr/watcom/lib386/win/clib3r.lib(udpdat.c)
00007ea0       _UserProcs
Module: /usr/watcom/lib386/win/win386.lib(win824)
00005b80       _CLIB_INT86
Module: /usr/watcom/lib386/win/win386.lib(win825)
00005ba0       _CLIB_INT86X
Module: /usr/watcom/lib386/win/win386.lib(win1426)
00005bc0       _CLIB_INTR
Module: /usr/watcom/lib386/win/clib3r.lib(enterdb.c)
00005be0       __EnterWVIDEO_
00006590+      ___WD_Present
Module: /usr/watcom/lib386/win/clib3r.lib(amblksiz.c)
00006594       __amblksiz
Module: /usr/watcom/lib386/win/clib3r.lib(heapen.c)
00005c10*      _heapenable_
00006598       ___heap_enabled
Module: /usr/watcom/lib386/win/win386.lib(win811)
00005c20       DPMIALLOC
Module: /usr/watcom/lib386/win/clib3r.lib(nheapmin.c)
00005c40       _nheapshrink_
00005c40*      _nheapmin_
00005c40*      _heapmin_
00005c40*      _heapshrink_
Module: /usr/watcom/lib386/win/clib3r.lib(alphabet.c)
00006218       ___Alphabet
Module: /usr/watcom/lib386/win/clib3r.lib(mbinit.c)
00005d6a       __mbinit_
0000659c+      ___MBCodePage
Module: /usr/watcom/lib386/win/win386.lib(win812)
00005e30       DPMIFREE
Module: /usr/watcom/lib386/win/win386.lib(win352)
00005e52       ISDBCSLEADBYTE
Module: /usr/watcom/lib386/win/win386.lib(win214)
00005e74       GETKBCODEPAGE


                        +--------------------+
                        |   Libraries Used   |
                        +--------------------+

../../hw/dos/win38631/dos.lib
../../hw/cpu/win38631/cpu.lib
/usr/watcom/lib386/win/win386.lib
/usr/watcom/lib386/win/clib3r.lib


                        +-----------------------+
                        |   Linker Statistics   |
                        +-----------------------+

Stack size:  2000 (8192.)
Memory size:  9f20 (40736.)
Entry point address: 00002016
Link time: 00:00.01
